This is pdfTeX, Version 3.141592653-2.6-1.40.29 (MiKTeX 26.5) (preloaded format=pdflatex 2026.6.1)  2 AUG 2026 00:22
entering extended mode
 restricted \write18 enabled.
 %&-line parsing enabled.
**./INVESTIGACION_DOC.tex
(INVESTIGACION_DOC.tex
LaTeX2e <2025-11-01>
L3 programming layer <2026-04-28>
(C:\Users\IGNACIO\AppData\Local\Programs\MiKTeX\tex/latex/base\article.cls
Document Class: article 2025/01/22 v1.4n Standard LaTeX document class
(C:\Users\IGNACIO\AppData\Local\Programs\MiKTeX\tex/latex/base\size12.clo
File: size12.clo 2025/01/22 v1.4n Standard LaTeX file (size option)
)
\c@part=\count276
\c@section=\count277
\c@subsection=\count278
\c@subsubsection=\count279
\c@paragraph=\count280
\c@subparagraph=\count281
\c@figure=\count282
\c@table=\count283
\abovecaptionskip=\skip49
\belowcaptionskip=\skip50
\bibindent=\dimen150
)
(C:\Users\IGNACIO\AppData\Local\Programs\MiKTeX\tex/latex/base\inputenc.sty
Package: inputenc 2024/02/08 v1.3d Input encoding file
\inpenc@prehook=\toks17
\inpenc@posthook=\toks18
)
(C:\Users\IGNACIO\AppData\Local\Programs\MiKTeX\tex/latex/base\fontenc.sty
Package: fontenc 2025/07/18 v2.1d Standard LaTeX package
)
(C:\Users\IGNACIO\AppData\Local\Programs\MiKTeX\tex/latex/csquotes\csquotes.sty
Package: csquotes 2026-05-19 v5.2p context-sensitive quotations (JAW)

(C:\Users\IGNACIO\AppData\Local\Programs\MiKTeX\tex/latex/etoolbox\etoolbox.sty
Package: etoolbox 2025/10/02 v2.5m e-TeX tools for LaTeX (JAW)
\etb@tempcnta=\count284
) (C:\Users\IGNACIO\AppData\Local\Programs\MiKTeX\tex/latex/graphics\keyval.sty
Package: keyval 2022/05/29 v1.15 key=value parser (DPC)
\KV@toks@=\toks19
)
\csq@reset=\count285
\csq@gtype=\count286
\csq@glevel=\count287
\csq@qlevel=\count288
\csq@maxlvl=\count289
\csq@tshold=\count290
\csq@ltx@everypar=\toks20

(C:\Users\IGNACIO\AppData\Local\Programs\MiKTeX\tex/latex/csquotes\csquotes.def
File: csquotes.def 2026-05-19 v5.2p csquotes generic definitions (JAW)
)
Package csquotes Info: Trying to load configuration file 'csquotes.cfg'...
Package csquotes Info: ... configuration file loaded successfully.

(C:\Users\IGNACIO\AppData\Local\Programs\MiKTeX\tex/latex/csquotes\csquotes.cfg
File: csquotes.cfg 
)) (C:\Users\IGNACIO\AppData\Local\Programs\MiKTeX\tex/generic/babel\babel.sty
Package: babel 2026/05/20 v26.8 The multilingual framework for LuaLaTeX, pdfLaT
eX and XeLaTeX
\babel@savecnt=\count291
LaTeX Encoding Info:    Redeclaring text command \ij (encoding OT1) on input li
ne 2084.
LaTeX Encoding Info:    Redeclaring text command \IJ (encoding OT1) on input li
ne 2086.
LaTeX Encoding Info:    Redeclaring text command \ij (encoding T1) on input lin
e 2088.
LaTeX Encoding Info:    Redeclaring text command \IJ (encoding T1) on input lin
e 2089.
LaTeX Encoding Info:    Ignoring declaration for text command \ij (encoding ?) 
on input line 2090.
LaTeX Encoding Info:    Ignoring declaration for text command \IJ (encoding ?) 
on input line 2092.
LaTeX Encoding Info:    Ignoring declaration for text command \SS (encoding ?) 
on input line 2117.
\U@D=\dimen151
\l@unhyphenated=\language79

(C:\Users\IGNACIO\AppData\Local\Programs\MiKTeX\tex/generic/babel\txtbabel.def)
\bbl@readstream=\read2
\bbl@dirlevel=\count292
Package babel Info: Configuration files are deprecated, as
(babel)             they can break document portability.
(babel)             Reported on input line 4228.
*************************************
* Local config file bblopts.cfg used
*
(C:\Users\IGNACIO\AppData\Local\Programs\MiKTeX\tex/latex/arabi\bblopts.cfg
File: bblopts.cfg 2005/09/08 v0.1 add Arabic and Farsi to "declared" options of
 babel
)
(C:\Users\IGNACIO\AppData\Local\Programs\MiKTeX\tex/generic/babel/locale/en\bab
el-english.tex)
(C:\Users\IGNACIO\AppData\Local\Programs\MiKTeX\tex/generic/babel/locale/es\bab
el-spanish.tex)
Package babel Info: Importing font and identification data for english
(babel)             from babel-en.ini. Reported on input line 4356.

(C:\Users\IGNACIO\AppData\Local\Programs\MiKTeX\tex/latex/babel-english\english
.ldf
Language: english 2017/06/06 v3.3r English support from the babel system
Package babel Info: Hyphen rules for 'canadian' set to \l@english
(babel)             (\language0). Reported on input line 102.
Package babel Info: Hyphen rules for 'australian' set to \l@ukenglish
(babel)             (\language73). Reported on input line 105.
Package babel Info: Hyphen rules for 'newzealand' set to \l@ukenglish
(babel)             (\language73). Reported on input line 108.
)
Package babel Info: Importing font and identification data for spanish
(babel)             from babel-es.ini. Reported on input line 4356.

(C:\Users\IGNACIO\AppData\Local\Programs\MiKTeX\tex/latex/babel-spanish\spanish
.ldf
Language: spanish.ldf 2021/05/27 v5.0q Spanish support from the babel system
\es@quottoks=\toks21
\es@quotdepth=\count293
))
LaTeX Encoding Info:    Redeclaring text command \guillemotleft (encoding OT1) 
on input line 13.
LaTeX Encoding Info:    Redeclaring text command \guillemotright (encoding OT1)
 on input line 13.

(C:\Users\IGNACIO\AppData\Local\Programs\MiKTeX\tex/latex/geometry\geometry.sty
Package: geometry 2026/03/07 v6.0 Page Geometry
(C:\Users\IGNACIO\AppData\Local\Programs\MiKTeX\tex/generic/iftex\ifvtex.sty
Package: ifvtex 2019/10/25 v1.7 ifvtex legacy package. Use iftex instead.

(C:\Users\IGNACIO\AppData\Local\Programs\MiKTeX\tex/generic/iftex\iftex.sty
Package: iftex 2024/12/12 v1.0g TeX engine tests
))
\Gm@cnth=\count294
\Gm@cntv=\count295
\c@Gm@tempcnt=\count296
\Gm@bindingoffset=\dimen152
\Gm@wd@mp=\dimen153
\Gm@odd@mp=\dimen154
\Gm@even@mp=\dimen155
\Gm@layoutwidth=\dimen156
\Gm@layoutheight=\dimen157
\Gm@layouthoffset=\dimen158
\Gm@layoutvoffset=\dimen159
\Gm@dimlist=\toks22

(C:\Users\IGNACIO\AppData\Local\Programs\MiKTeX\tex/latex/geometry\geometry.cfg
))
(C:\Users\IGNACIO\AppData\Local\Programs\MiKTeX\tex/latex/graphics\graphicx.sty
Package: graphicx 2024/12/31 v1.2e Enhanced LaTeX Graphics (DPC,SPQR)

(C:\Users\IGNACIO\AppData\Local\Programs\MiKTeX\tex/latex/graphics\graphics.sty
Package: graphics 2024/08/06 v1.4g Standard LaTeX Graphics (DPC,SPQR)
(C:\Users\IGNACIO\AppData\Local\Programs\MiKTeX\tex/latex/graphics\trig.sty
Package: trig 2023/12/02 v1.11 sin cos tan (DPC)
)
(C:\Users\IGNACIO\AppData\Local\Programs\MiKTeX\tex/latex/graphics-cfg\graphics
.cfg
File: graphics.cfg 2016/06/04 v1.11 sample graphics configuration
)
Package graphics Info: Driver file: pdftex.def on input line 106.

(C:\Users\IGNACIO\AppData\Local\Programs\MiKTeX\tex/latex/graphics-def\pdftex.d
ef
File: pdftex.def 2025/09/29 v1.2d Graphics/color driver for pdftex
))
\Gin@req@height=\dimen160
\Gin@req@width=\dimen161
)
(C:\Users\IGNACIO\AppData\Local\Programs\MiKTeX\tex/latex/xcolor\xcolor.sty
Package: xcolor 2024/09/29 v3.02 LaTeX color extensions (UK)

(C:\Users\IGNACIO\AppData\Local\Programs\MiKTeX\tex/latex/graphics-cfg\color.cf
g
File: color.cfg 2016/01/02 v1.6 sample color configuration
)
Package xcolor Info: Driver file: pdftex.def on input line 274.

(C:\Users\IGNACIO\AppData\Local\Programs\MiKTeX\tex/latex/graphics\mathcolor.lt
x)
Package xcolor Info: Model `cmy' substituted by `cmy0' on input line 1349.
Package xcolor Info: Model `hsb' substituted by `rgb' on input line 1353.
Package xcolor Info: Model `RGB' extended on input line 1365.
Package xcolor Info: Model `HTML' substituted by `rgb' on input line 1367.
Package xcolor Info: Model `Hsb' substituted by `hsb' on input line 1368.
Package xcolor Info: Model `tHsb' substituted by `hsb' on input line 1369.
Package xcolor Info: Model `HSB' substituted by `hsb' on input line 1370.
Package xcolor Info: Model `Gray' substituted by `gray' on input line 1371.
Package xcolor Info: Model `wave' substituted by `hsb' on input line 1372.
)
(C:\Users\IGNACIO\AppData\Local\Programs\MiKTeX\tex/latex/graphics\dvipsnam.def
File: dvipsnam.def 2016/06/17 v3.0m Driver-dependent file (DPC,SPQR)
)
(C:\Users\IGNACIO\AppData\Local\Programs\MiKTeX\tex/latex/colortbl\colortbl.sty
Package: colortbl 2026/05/01 v1.0l Color table columns (DPC)
(C:\Users\IGNACIO\AppData\Local\Programs\MiKTeX\tex/latex/tools\array.sty
Package: array 2025/09/25 v2.6n Tabular extension package (FMi)
\col@sep=\dimen162
\ar@mcellbox=\box53
\extrarowheight=\dimen163
\NC@list=\toks23
\extratabsurround=\skip51
\backup@length=\skip52
\ar@cellbox=\box54
)
\everycr=\toks24
\minrowclearance=\skip53
\rownum=\count297
)
(C:\Users\IGNACIO\AppData\Local\Programs\MiKTeX\tex/latex/pgf/frontendlayer\tik
z.sty
(C:\Users\IGNACIO\AppData\Local\Programs\MiKTeX\tex/latex/pgf/basiclayer\pgf.st
y
(C:\Users\IGNACIO\AppData\Local\Programs\MiKTeX\tex/latex/pgf/utilities\pgfrcs.
sty
(C:\Users\IGNACIO\AppData\Local\Programs\MiKTeX\tex/generic/pgf/utilities\pgfut
il-common.tex
\pgfutil@everybye=\toks25
\pgfutil@tempdima=\dimen164
\pgfutil@tempdimb=\dimen165
)
(C:\Users\IGNACIO\AppData\Local\Programs\MiKTeX\tex/generic/pgf/utilities\pgfut
il-latex.def
\pgfutil@abb=\box55
)
(C:\Users\IGNACIO\AppData\Local\Programs\MiKTeX\tex/generic/pgf/utilities\pgfrc
s.code.tex
(C:\Users\IGNACIO\AppData\Local\Programs\MiKTeX\tex/generic/pgf\pgf.revision.te
x)
Package: pgfrcs 2025-08-29 v3.1.11a (3.1.11a)
))
Package: pgf 2025-08-29 v3.1.11a (3.1.11a)

(C:\Users\IGNACIO\AppData\Local\Programs\MiKTeX\tex/latex/pgf/basiclayer\pgfcor
e.sty
(C:\Users\IGNACIO\AppData\Local\Programs\MiKTeX\tex/latex/pgf/systemlayer\pgfsy
s.sty
(C:\Users\IGNACIO\AppData\Local\Programs\MiKTeX\tex/generic/pgf/systemlayer\pgf
sys.code.tex
Package: pgfsys 2025-08-29 v3.1.11a (3.1.11a)

(C:\Users\IGNACIO\AppData\Local\Programs\MiKTeX\tex/generic/pgf/utilities\pgfke
ys.code.tex
\pgfkeys@pathtoks=\toks26
\pgfkeys@temptoks=\toks27

(C:\Users\IGNACIO\AppData\Local\Programs\MiKTeX\tex/generic/pgf/utilities\pgfke
yslibraryfiltered.code.tex
\pgfkeys@tmptoks=\toks28
))
\pgf@x=\dimen166
\pgf@y=\dimen167
\pgf@xa=\dimen168
\pgf@ya=\dimen169
\pgf@xb=\dimen170
\pgf@yb=\dimen171
\pgf@xc=\dimen172
\pgf@yc=\dimen173
\pgf@xd=\dimen174
\pgf@yd=\dimen175
\w@pgf@writea=\write3
\r@pgf@reada=\read3
\c@pgf@counta=\count298
\c@pgf@countb=\count299
\c@pgf@countc=\count300
\c@pgf@countd=\count301
\t@pgf@toka=\toks29
\t@pgf@tokb=\toks30
\t@pgf@tokc=\toks31
\pgf@sys@id@count=\count302

(C:\Users\IGNACIO\AppData\Local\Programs\MiKTeX\tex/generic/pgf/systemlayer\pgf
.cfg
File: pgf.cfg 2025-08-29 v3.1.11a (3.1.11a)
)
Driver file for pgf: pgfsys-pdftex.def

(C:\Users\IGNACIO\AppData\Local\Programs\MiKTeX\tex/generic/pgf/systemlayer\pgf
sys-pdftex.def
File: pgfsys-pdftex.def 2025-08-29 v3.1.11a (3.1.11a)

(C:\Users\IGNACIO\AppData\Local\Programs\MiKTeX\tex/generic/pgf/systemlayer\pgf
sys-common-pdf.def
File: pgfsys-common-pdf.def 2025-08-29 v3.1.11a (3.1.11a)
)))
(C:\Users\IGNACIO\AppData\Local\Programs\MiKTeX\tex/generic/pgf/systemlayer\pgf
syssoftpath.code.tex
File: pgfsyssoftpath.code.tex 2025-08-29 v3.1.11a (3.1.11a)
\pgfsyssoftpath@smallbuffer@items=\count303
\pgfsyssoftpath@bigbuffer@items=\count304
)
(C:\Users\IGNACIO\AppData\Local\Programs\MiKTeX\tex/generic/pgf/systemlayer\pgf
sysprotocol.code.tex
File: pgfsysprotocol.code.tex 2025-08-29 v3.1.11a (3.1.11a)
))
(C:\Users\IGNACIO\AppData\Local\Programs\MiKTeX\tex/generic/pgf/basiclayer\pgfc
ore.code.tex
Package: pgfcore 2025-08-29 v3.1.11a (3.1.11a)

(C:\Users\IGNACIO\AppData\Local\Programs\MiKTeX\tex/generic/pgf/math\pgfmath.co
de.tex
(C:\Users\IGNACIO\AppData\Local\Programs\MiKTeX\tex/generic/pgf/math\pgfmathuti
l.code.tex)
(C:\Users\IGNACIO\AppData\Local\Programs\MiKTeX\tex/generic/pgf/math\pgfmathpar
ser.code.tex
\pgfmath@dimen=\dimen176
\pgfmath@count=\count305
\pgfmath@box=\box56
\pgfmath@toks=\toks32
\pgfmath@stack@operand=\toks33
\pgfmath@stack@operation=\toks34
)
(C:\Users\IGNACIO\AppData\Local\Programs\MiKTeX\tex/generic/pgf/math\pgfmathfun
ctions.code.tex)
(C:\Users\IGNACIO\AppData\Local\Programs\MiKTeX\tex/generic/pgf/math\pgfmathfun
ctions.basic.code.tex)
(C:\Users\IGNACIO\AppData\Local\Programs\MiKTeX\tex/generic/pgf/math\pgfmathfun
ctions.trigonometric.code.tex)
(C:\Users\IGNACIO\AppData\Local\Programs\MiKTeX\tex/generic/pgf/math\pgfmathfun
ctions.random.code.tex)
(C:\Users\IGNACIO\AppData\Local\Programs\MiKTeX\tex/generic/pgf/math\pgfmathfun
ctions.comparison.code.tex)
(C:\Users\IGNACIO\AppData\Local\Programs\MiKTeX\tex/generic/pgf/math\pgfmathfun
ctions.base.code.tex)
(C:\Users\IGNACIO\AppData\Local\Programs\MiKTeX\tex/generic/pgf/math\pgfmathfun
ctions.round.code.tex)
(C:\Users\IGNACIO\AppData\Local\Programs\MiKTeX\tex/generic/pgf/math\pgfmathfun
ctions.misc.code.tex)
(C:\Users\IGNACIO\AppData\Local\Programs\MiKTeX\tex/generic/pgf/math\pgfmathfun
ctions.integerarithmetics.code.tex)
(C:\Users\IGNACIO\AppData\Local\Programs\MiKTeX\tex/generic/pgf/math\pgfmathcal
c.code.tex)
(C:\Users\IGNACIO\AppData\Local\Programs\MiKTeX\tex/generic/pgf/math\pgfmathflo
at.code.tex
\c@pgfmathroundto@lastzeros=\count306
))
(C:\Users\IGNACIO\AppData\Local\Programs\MiKTeX\tex/generic/pgf/math\pgfint.cod
e.tex)
(C:\Users\IGNACIO\AppData\Local\Programs\MiKTeX\tex/generic/pgf/basiclayer\pgfc
orepoints.code.tex
File: pgfcorepoints.code.tex 2025-08-29 v3.1.11a (3.1.11a)
\pgf@picminx=\dimen177
\pgf@picmaxx=\dimen178
\pgf@picminy=\dimen179
\pgf@picmaxy=\dimen180
\pgf@pathminx=\dimen181
\pgf@pathmaxx=\dimen182
\pgf@pathminy=\dimen183
\pgf@pathmaxy=\dimen184
\pgf@xx=\dimen185
\pgf@xy=\dimen186
\pgf@yx=\dimen187
\pgf@yy=\dimen188
\pgf@zx=\dimen189
\pgf@zy=\dimen190
)
(C:\Users\IGNACIO\AppData\Local\Programs\MiKTeX\tex/generic/pgf/basiclayer\pgfc
orepathconstruct.code.tex
File: pgfcorepathconstruct.code.tex 2025-08-29 v3.1.11a (3.1.11a)
\pgf@path@lastx=\dimen191
\pgf@path@lasty=\dimen192
)
(C:\Users\IGNACIO\AppData\Local\Programs\MiKTeX\tex/generic/pgf/basiclayer\pgfc
orepathusage.code.tex
File: pgfcorepathusage.code.tex 2025-08-29 v3.1.11a (3.1.11a)
\pgf@shorten@end@additional=\dimen193
\pgf@shorten@start@additional=\dimen194
)
(C:\Users\IGNACIO\AppData\Local\Programs\MiKTeX\tex/generic/pgf/basiclayer\pgfc
orescopes.code.tex
File: pgfcorescopes.code.tex 2025-08-29 v3.1.11a (3.1.11a)
\pgfpic=\box57
\pgf@hbox=\box58
\pgf@layerbox@main=\box59
\pgf@picture@serial@count=\count307
)
(C:\Users\IGNACIO\AppData\Local\Programs\MiKTeX\tex/generic/pgf/basiclayer\pgfc
oregraphicstate.code.tex
File: pgfcoregraphicstate.code.tex 2025-08-29 v3.1.11a (3.1.11a)
\pgflinewidth=\dimen195
)
(C:\Users\IGNACIO\AppData\Local\Programs\MiKTeX\tex/generic/pgf/basiclayer\pgfc
oretransformations.code.tex
File: pgfcoretransformations.code.tex 2025-08-29 v3.1.11a (3.1.11a)
\pgf@pt@x=\dimen196
\pgf@pt@y=\dimen197
\pgf@pt@temp=\dimen198
)
(C:\Users\IGNACIO\AppData\Local\Programs\MiKTeX\tex/generic/pgf/basiclayer\pgfc
orequick.code.tex
File: pgfcorequick.code.tex 2025-08-29 v3.1.11a (3.1.11a)
)
(C:\Users\IGNACIO\AppData\Local\Programs\MiKTeX\tex/generic/pgf/basiclayer\pgfc
oreobjects.code.tex
File: pgfcoreobjects.code.tex 2025-08-29 v3.1.11a (3.1.11a)
)
(C:\Users\IGNACIO\AppData\Local\Programs\MiKTeX\tex/generic/pgf/basiclayer\pgfc
orepathprocessing.code.tex
File: pgfcorepathprocessing.code.tex 2025-08-29 v3.1.11a (3.1.11a)
)
(C:\Users\IGNACIO\AppData\Local\Programs\MiKTeX\tex/generic/pgf/basiclayer\pgfc
orearrows.code.tex
File: pgfcorearrows.code.tex 2025-08-29 v3.1.11a (3.1.11a)
\pgfarrowsep=\dimen199
)
(C:\Users\IGNACIO\AppData\Local\Programs\MiKTeX\tex/generic/pgf/basiclayer\pgfc
oreshade.code.tex
File: pgfcoreshade.code.tex 2025-08-29 v3.1.11a (3.1.11a)
\pgf@max=\dimen256
\pgf@sys@shading@range@num=\count308
\pgf@shadingcount=\count309
)
(C:\Users\IGNACIO\AppData\Local\Programs\MiKTeX\tex/generic/pgf/basiclayer\pgfc
oreimage.code.tex
File: pgfcoreimage.code.tex 2025-08-29 v3.1.11a (3.1.11a)
)
(C:\Users\IGNACIO\AppData\Local\Programs\MiKTeX\tex/generic/pgf/basiclayer\pgfc
oreexternal.code.tex
File: pgfcoreexternal.code.tex 2025-08-29 v3.1.11a (3.1.11a)
\pgfexternal@startupbox=\box60
)
(C:\Users\IGNACIO\AppData\Local\Programs\MiKTeX\tex/generic/pgf/basiclayer\pgfc
orelayers.code.tex
File: pgfcorelayers.code.tex 2025-08-29 v3.1.11a (3.1.11a)
)
(C:\Users\IGNACIO\AppData\Local\Programs\MiKTeX\tex/generic/pgf/basiclayer\pgfc
oretransparency.code.tex
File: pgfcoretransparency.code.tex 2025-08-29 v3.1.11a (3.1.11a)
)
(C:\Users\IGNACIO\AppData\Local\Programs\MiKTeX\tex/generic/pgf/basiclayer\pgfc
orepatterns.code.tex
File: pgfcorepatterns.code.tex 2025-08-29 v3.1.11a (3.1.11a)
)
(C:\Users\IGNACIO\AppData\Local\Programs\MiKTeX\tex/generic/pgf/basiclayer\pgfc
orerdf.code.tex
File: pgfcorerdf.code.tex 2025-08-29 v3.1.11a (3.1.11a)
)))
(C:\Users\IGNACIO\AppData\Local\Programs\MiKTeX\tex/generic/pgf/modules\pgfmodu
leshapes.code.tex
File: pgfmoduleshapes.code.tex 2025-08-29 v3.1.11a (3.1.11a)
\pgfnodeparttextbox=\box61
)
(C:\Users\IGNACIO\AppData\Local\Programs\MiKTeX\tex/generic/pgf/modules\pgfmodu
leplot.code.tex
File: pgfmoduleplot.code.tex 2025-08-29 v3.1.11a (3.1.11a)
)
(C:\Users\IGNACIO\AppData\Local\Programs\MiKTeX\tex/latex/pgf/compatibility\pgf
comp-version-0-65.sty
Package: pgfcomp-version-0-65 2025-08-29 v3.1.11a (3.1.11a)
\pgf@nodesepstart=\dimen257
\pgf@nodesepend=\dimen258
)
(C:\Users\IGNACIO\AppData\Local\Programs\MiKTeX\tex/latex/pgf/compatibility\pgf
comp-version-1-18.sty
Package: pgfcomp-version-1-18 2025-08-29 v3.1.11a (3.1.11a)
))
(C:\Users\IGNACIO\AppData\Local\Programs\MiKTeX\tex/latex/pgf/utilities\pgffor.
sty
(C:\Users\IGNACIO\AppData\Local\Programs\MiKTeX\tex/latex/pgf/utilities\pgfkeys
.sty
(C:\Users\IGNACIO\AppData\Local\Programs\MiKTeX\tex/generic/pgf/utilities\pgfke
ys.code.tex))
(C:\Users\IGNACIO\AppData\Local\Programs\MiKTeX\tex/latex/pgf/math\pgfmath.sty
(C:\Users\IGNACIO\AppData\Local\Programs\MiKTeX\tex/generic/pgf/math\pgfmath.co
de.tex))
(C:\Users\IGNACIO\AppData\Local\Programs\MiKTeX\tex/generic/pgf/utilities\pgffo
r.code.tex
Package: pgffor 2025-08-29 v3.1.11a (3.1.11a)
\pgffor@iter=\dimen259
\pgffor@skip=\dimen260
\pgffor@stack=\toks35
\pgffor@toks=\toks36
))
(C:\Users\IGNACIO\AppData\Local\Programs\MiKTeX\tex/generic/pgf/frontendlayer/t
ikz\tikz.code.tex
Package: tikz 2025-08-29 v3.1.11a (3.1.11a)

(C:\Users\IGNACIO\AppData\Local\Programs\MiKTeX\tex/generic/pgf/libraries\pgfli
braryplothandlers.code.tex
File: pgflibraryplothandlers.code.tex 2025-08-29 v3.1.11a (3.1.11a)
\pgf@plot@mark@count=\count310
\pgfplotmarksize=\dimen261
)
\tikz@lastx=\dimen262
\tikz@lasty=\dimen263
\tikz@lastxsaved=\dimen264
\tikz@lastysaved=\dimen265
\tikz@lastmovetox=\dimen266
\tikz@lastmovetoy=\dimen267
\tikzleveldistance=\dimen268
\tikzsiblingdistance=\dimen269
\tikz@figbox=\box62
\tikz@figbox@bg=\box63
\tikz@tempbox=\box64
\tikz@tempbox@bg=\box65
\tikztreelevel=\count311
\tikznumberofchildren=\count312
\tikznumberofcurrentchild=\count313
\tikz@fig@count=\count314

(C:\Users\IGNACIO\AppData\Local\Programs\MiKTeX\tex/generic/pgf/modules\pgfmodu
lematrix.code.tex
File: pgfmodulematrix.code.tex 2025-08-29 v3.1.11a (3.1.11a)
\pgfmatrixcurrentrow=\count315
\pgfmatrixcurrentcolumn=\count316
\pgf@matrix@numberofcolumns=\count317
)
\tikz@expandcount=\count318

(C:\Users\IGNACIO\AppData\Local\Programs\MiKTeX\tex/generic/pgf/frontendlayer/t
ikz/libraries\tikzlibrarytopaths.code.tex
File: tikzlibrarytopaths.code.tex 2025-08-29 v3.1.11a (3.1.11a)
)))
(C:\Users\IGNACIO\AppData\Local\Programs\MiKTeX\tex/generic/pgf/frontendlayer/t
ikz/libraries\tikzlibraryshapes.geometric.code.tex
File: tikzlibraryshapes.geometric.code.tex 2025-08-29 v3.1.11a (3.1.11a)

(C:\Users\IGNACIO\AppData\Local\Programs\MiKTeX\tex/generic/pgf/libraries/shape
s\pgflibraryshapes.geometric.code.tex
File: pgflibraryshapes.geometric.code.tex 2025-08-29 v3.1.11a (3.1.11a)
))
(C:\Users\IGNACIO\AppData\Local\Programs\MiKTeX\tex/generic/pgf/libraries\pgfli
braryarrows.meta.code.tex
File: pgflibraryarrows.meta.code.tex 2025-08-29 v3.1.11a (3.1.11a)
\pgfarrowinset=\dimen270
\pgfarrowlength=\dimen271
\pgfarrowwidth=\dimen272
\pgfarrowlinewidth=\dimen273
)
(C:\Users\IGNACIO\AppData\Local\Programs\MiKTeX\tex/generic/pgf/frontendlayer/t
ikz/libraries\tikzlibrarypositioning.code.tex
File: tikzlibrarypositioning.code.tex 2025-08-29 v3.1.11a (3.1.11a)
)
(C:\Users\IGNACIO\AppData\Local\Programs\MiKTeX\tex/generic/pgf/frontendlayer/t
ikz/libraries\tikzlibraryfit.code.tex
File: tikzlibraryfit.code.tex 2025-08-29 v3.1.11a (3.1.11a)
)
(C:\Users\IGNACIO\AppData\Local\Programs\MiKTeX\tex/generic/pgf/frontendlayer/t
ikz/libraries\tikzlibrarybackgrounds.code.tex
File: tikzlibrarybackgrounds.code.tex 2025-08-29 v3.1.11a (3.1.11a)
\pgf@layerbox@background=\box66
\pgf@layerboxsaved@background=\box67
)
(C:\Users\IGNACIO\AppData\Local\Programs\MiKTeX\tex/generic/pgf/frontendlayer/t
ikz/libraries\tikzlibrarydecorations.pathreplacing.code.tex
(C:\Users\IGNACIO\AppData\Local\Programs\MiKTeX\tex/generic/pgf/frontendlayer/t
ikz/libraries\tikzlibrarydecorations.code.tex
(C:\Users\IGNACIO\AppData\Local\Programs\MiKTeX\tex/generic/pgf/modules\pgfmodu
ledecorations.code.tex
\pgfdecoratedcompleteddistance=\dimen274
\pgfdecoratedremainingdistance=\dimen275
\pgfdecoratedinputsegmentcompleteddistance=\dimen276
\pgfdecoratedinputsegmentremainingdistance=\dimen277
\pgf@decorate@distancetomove=\dimen278
\pgf@decorate@repeatstate=\count319
\pgfdecorationsegmentamplitude=\dimen279
\pgfdecorationsegmentlength=\dimen280
)
\tikz@lib@dec@box=\box68
)
(C:\Users\IGNACIO\AppData\Local\Programs\MiKTeX\tex/generic/pgf/libraries/decor
ations\pgflibrarydecorations.pathreplacing.code.tex))
(C:\Users\IGNACIO\AppData\Local\Programs\MiKTeX\tex/generic/pgf/frontendlayer/t
ikz/libraries\tikzlibrarycalc.code.tex
File: tikzlibrarycalc.code.tex 2025-08-29 v3.1.11a (3.1.11a)
)
(C:\Users\IGNACIO\AppData\Local\Programs\MiKTeX\tex/generic/pgf/frontendlayer/t
ikz/libraries\tikzlibrarymindmap.code.tex
File: tikzlibrarymindmap.code.tex 2025-08-29 v3.1.11a (3.1.11a)

(C:\Users\IGNACIO\AppData\Local\Programs\MiKTeX\tex/generic/pgf/frontendlayer/t
ikz/libraries\tikzlibrarytrees.code.tex
File: tikzlibrarytrees.code.tex 2025-08-29 v3.1.11a (3.1.11a)
))
(C:\Users\IGNACIO\AppData\Local\Programs\MiKTeX\tex/generic/pgf/frontendlayer/t
ikz/libraries\tikzlibraryshadows.code.tex
File: tikzlibraryshadows.code.tex 2025-08-29 v3.1.11a (3.1.11a)

(C:\Users\IGNACIO\AppData\Local\Programs\MiKTeX\tex/generic/pgf/frontendlayer/t
ikz/libraries\tikzlibraryfadings.code.tex
File: tikzlibraryfadings.code.tex 2025-08-29 v3.1.11a (3.1.11a)

(C:\Users\IGNACIO\AppData\Local\Programs\MiKTeX\tex/generic/pgf/libraries\pgfli
braryfadings.code.tex
File: pgflibraryfadings.code.tex 2025-08-29 v3.1.11a (3.1.11a)
)))
(C:\Users\IGNACIO\AppData\Local\Programs\MiKTeX\tex/latex/booktabs\booktabs.sty
Package: booktabs 2020/01/12 v1.61803398 Publication quality tables
\heavyrulewidth=\dimen281
\lightrulewidth=\dimen282
\cmidrulewidth=\dimen283
\belowrulesep=\dimen284
\belowbottomsep=\dimen285
\aboverulesep=\dimen286
\abovetopsep=\dimen287
\cmidrulesep=\dimen288
\cmidrulekern=\dimen289
\defaultaddspace=\dimen290
\@cmidla=\count320
\@cmidlb=\count321
\@aboverulesep=\dimen291
\@belowrulesep=\dimen292
\@thisruleclass=\count322
\@lastruleclass=\count323
\@thisrulewidth=\dimen293
)
(C:\Users\IGNACIO\AppData\Local\Programs\MiKTeX\tex/latex/multirow\multirow.sty
Package: multirow 2024/11/12 v2.9 Span multiple rows of a table
\multirow@colwidth=\skip54
\multirow@cntb=\count324
\multirow@dima=\skip55
\bigstrutjot=\dimen294
) (C:\Users\IGNACIO\AppData\Local\Programs\MiKTeX\tex/latex/tools\longtable.sty
Package: longtable 2025-10-13 v4.24 Multi-page Table package (DPC)
\LTleft=\skip56
\LTright=\skip57
\LTpre=\skip58
\LTpost=\skip59
\LTchunksize=\count325
\LTcapwidth=\dimen295
\LT@head=\box69
\LT@firsthead=\box70
\LT@foot=\box71
\LT@lastfoot=\box72
\LT@gbox=\box73
\LT@cols=\count326
\LT@rows=\count327
\c@LT@tables=\count328
\c@LT@chunks=\count329
\LT@p@ftn=\toks37
) (C:\Users\IGNACIO\AppData\Local\Programs\MiKTeX\tex/latex/tools\tabularx.sty
Package: tabularx 2023/12/11 v2.12a `tabularx' package (DPC)
\TX@col@width=\dimen296
\TX@old@table=\dimen297
\TX@old@col=\dimen298
\TX@target=\dimen299
\TX@delta=\dimen300
\TX@cols=\count330
\TX@ftn=\toks38
) (C:\Users\IGNACIO\AppData\Local\Programs\MiKTeX\tex/latex/amsmath\amsmath.sty
Package: amsmath 2025/07/09 v2.17z AMS math features
\@mathmargin=\skip60

For additional information on amsmath, use the `?' option.
(C:\Users\IGNACIO\AppData\Local\Programs\MiKTeX\tex/latex/amsmath\amstext.sty
Package: amstext 2024/11/17 v2.01 AMS text

(C:\Users\IGNACIO\AppData\Local\Programs\MiKTeX\tex/latex/amsmath\amsgen.sty
File: amsgen.sty 1999/11/30 v2.0 generic functions
\@emptytoks=\toks39
\ex@=\dimen301
))
(C:\Users\IGNACIO\AppData\Local\Programs\MiKTeX\tex/latex/amsmath\amsbsy.sty
Package: amsbsy 1999/11/29 v1.2d Bold Symbols
\pmbraise@=\dimen302
)
(C:\Users\IGNACIO\AppData\Local\Programs\MiKTeX\tex/latex/amsmath\amsopn.sty
Package: amsopn 2022/04/08 v2.04 operator names
)
\inf@bad=\count331
LaTeX Info: Redefining \frac on input line 233.
\uproot@=\count332
\leftroot@=\count333
LaTeX Info: Redefining \overline on input line 398.
LaTeX Info: Redefining \colon on input line 409.
\classnum@=\count334
\DOTSCASE@=\count335
LaTeX Info: Redefining \ldots on input line 495.
LaTeX Info: Redefining \dots on input line 498.
LaTeX Info: Redefining \cdots on input line 619.
\Mathstrutbox@=\box74
\strutbox@=\box75
LaTeX Info: Redefining \big on input line 721.
LaTeX Info: Redefining \Big on input line 722.
LaTeX Info: Redefining \bigg on input line 723.
LaTeX Info: Redefining \Bigg on input line 724.
\big@size=\dimen303
LaTeX Font Info:    Redeclaring font encoding OML on input line 742.
LaTeX Font Info:    Redeclaring font encoding OMS on input line 743.
\macc@depth=\count336
LaTeX Info: Redefining \bmod on input line 904.
LaTeX Info: Redefining \pmod on input line 909.
LaTeX Info: Redefining \smash on input line 939.
LaTeX Info: Redefining \relbar on input line 969.
LaTeX Info: Redefining \Relbar on input line 970.
\c@MaxMatrixCols=\count337
\dotsspace@=\muskip17
\c@parentequation=\count338
\dspbrk@lvl=\count339
\tag@help=\toks40
\row@=\count340
\column@=\count341
\maxfields@=\count342
\andhelp@=\toks41
\eqnshift@=\dimen304
\alignsep@=\dimen305
\tagshift@=\dimen306
\tagwidth@=\dimen307
\totwidth@=\dimen308
\lineht@=\dimen309
\@envbody=\toks42
\multlinegap=\skip61
\multlinetaggap=\skip62
\mathdisplay@stack=\toks43
LaTeX Info: Redefining \[ on input line 2950.
LaTeX Info: Redefining \] on input line 2951.
)
(C:\Users\IGNACIO\AppData\Local\Programs\MiKTeX\tex/latex/amsfonts\amssymb.sty
Package: amssymb 2013/01/14 v3.01 AMS font symbols

(C:\Users\IGNACIO\AppData\Local\Programs\MiKTeX\tex/latex/amsfonts\amsfonts.sty
Package: amsfonts 2013/01/14 v3.01 Basic AMSFonts support
\symAMSa=\mathgroup4
\symAMSb=\mathgroup5
LaTeX Font Info:    Redeclaring math symbol \hbar on input line 98.
LaTeX Font Info:    Overwriting math alphabet `\mathfrak' in version `bold'
(Font)                  U/euf/m/n --> U/euf/b/n on input line 106.
))
(C:\Users\IGNACIO\AppData\Local\Programs\MiKTeX\tex/latex/enumitem\enumitem.sty
Package: enumitem 2025/02/06 v3.11 Customized lists
\labelindent=\skip63
\enit@outerparindent=\dimen310
\enit@toks=\toks44
\enit@inbox=\box76
\enit@count@id=\count343
\enitdp@description=\count344
) (C:\Users\IGNACIO\AppData\Local\Programs\MiKTeX\tex/latex/float\float.sty
Package: float 2001/11/08 v1.3d Float enhancements (AL)
\c@float@type=\count345
\float@exts=\toks45
\float@box=\box77
\@float@everytoks=\toks46
\@floatcapt=\box78
)
(C:\Users\IGNACIO\AppData\Local\Programs\MiKTeX\tex/latex/algorithm2e\algorithm
2e.sty
Package: algorithm2e 2017/07/18 v5.2 algorithms environments
\c@AlgoLine=\count346

(C:\Users\IGNACIO\AppData\Local\Programs\MiKTeX\tex/latex/base\ifthen.sty
Package: ifthen 2024/03/16 v1.1e Standard LaTeX ifthen package (DPC)
)
\algocf@hangindent=\skip64

(C:\Users\IGNACIO\AppData\Local\Programs\MiKTeX\tex/latex/ifoddpage\ifoddpage.s
ty
Package: ifoddpage 2022/10/18 v1.2 Conditionals for odd/even page detection
\c@checkoddpage=\count347
) (C:\Users\IGNACIO\AppData\Local\Programs\MiKTeX\tex/latex/tools\xspace.sty
Package: xspace 2014/10/28 v1.13 Space after command names (DPC,MH)
) (C:\Users\IGNACIO\AppData\Local\Programs\MiKTeX\tex/latex/relsize\relsize.sty
Package: relsize 2013/03/29 ver 4.1
)
\skiptotal=\skip65
\skiplinenumber=\skip66
\skiprule=\skip67
\skiphlne=\skip68
\skiptext=\skip69
\skiplength=\skip70
\algomargin=\skip71
\skipalgocfslide=\skip72
\algowidth=\dimen311
\inoutsize=\dimen312
\inoutindent=\dimen313
\interspacetitleruled=\dimen314
\interspacealgoruled=\dimen315
\interspacetitleboxruled=\dimen316
\algocf@ruledwidth=\skip73
\algocf@inoutbox=\box79
\algocf@inputbox=\box80
\AlCapSkip=\skip74
\AlCapHSkip=\skip75
\algoskipindent=\skip76
\algocf@nlbox=\box81
\algocf@hangingbox=\box82
\algocf@untilbox=\box83
\algocf@skipuntil=\skip77
\algocf@capbox=\box84
\algocf@lcaptionbox=\skip78
\algoheightruledefault=\skip79
\algoheightrule=\skip80
\algotitleheightruledefault=\skip81
\algotitleheightrule=\skip82
\c@algocfline=\count348
\c@algocfproc=\count349
\c@algocf=\count350
\algocf@algoframe=\box85
\algocf@algobox=\box86
)
(C:\Users\IGNACIO\AppData\Local\Programs\MiKTeX\tex/latex/listings\listings.sty
\lst@mode=\count351
\lst@gtempboxa=\box87
\lst@token=\toks47
\lst@length=\count352
\lst@currlwidth=\dimen317
\lst@column=\count353
\lst@pos=\count354
\lst@lostspace=\dimen318
\lst@width=\dimen319
\lst@newlines=\count355
\lst@lineno=\count356
\lst@maxwidth=\dimen320

(C:\Users\IGNACIO\AppData\Local\Programs\MiKTeX\tex/latex/listings\lstpatch.sty
File: lstpatch.sty 2025/11/14 1.11b (Carsten Heinz)
)
(C:\Users\IGNACIO\AppData\Local\Programs\MiKTeX\tex/latex/listings\lstmisc.sty
File: lstmisc.sty 2025/11/14 1.11b (Carsten Heinz)
\c@lstnumber=\count357
\lst@skipnumbers=\count358
\lst@framebox=\box88
)
(C:\Users\IGNACIO\AppData\Local\Programs\MiKTeX\tex/latex/listings\listings.cfg
File: listings.cfg 2025/11/14 1.11b listings configuration
))
Package: listings 2025/11/14 1.11b (Carsten Heinz)

==> First Aid for listings.sty no longer applied!
    Expected:
        2024/09/23 1.10c (Carsten Heinz)
    but found:
        2025/11/14 1.11b (Carsten Heinz)
    so I'm assuming it got fixed.

(C:\Users\IGNACIO\AppData\Local\Programs\MiKTeX\tex/latex/hyperref\hyperref.sty
Package: hyperref 2026-04-24 v7.01q Hypertext links for LaTeX

(C:\Users\IGNACIO\AppData\Local\Programs\MiKTeX\tex/latex/kvsetkeys\kvsetkeys.s
ty
Package: kvsetkeys 2022-10-05 v1.19 Key value parser (HO)
)
(C:\Users\IGNACIO\AppData\Local\Programs\MiKTeX\tex/generic/kvdefinekeys\kvdefi
nekeys.sty
Package: kvdefinekeys 2019-12-19 v1.6 Define keys (HO)
)
(C:\Users\IGNACIO\AppData\Local\Programs\MiKTeX\tex/generic/pdfescape\pdfescape
.sty
Package: pdfescape 2019/12/09 v1.15 Implements pdfTeX's escape features (HO)

(C:\Users\IGNACIO\AppData\Local\Programs\MiKTeX\tex/generic/ltxcmds\ltxcmds.sty
Package: ltxcmds 2023-12-04 v1.26 LaTeX kernel commands for general use (HO)
)
(C:\Users\IGNACIO\AppData\Local\Programs\MiKTeX\tex/generic/pdftexcmds\pdftexcm
ds.sty
Package: pdftexcmds 2020-06-27 v0.33 Utility functions of pdfTeX for LuaTeX (HO
)

(C:\Users\IGNACIO\AppData\Local\Programs\MiKTeX\tex/generic/infwarerr\infwarerr
.sty
Package: infwarerr 2019/12/03 v1.5 Providing info/warning/error messages (HO)
)
Package pdftexcmds Info: \pdf@primitive is available.
Package pdftexcmds Info: \pdf@ifprimitive is available.
Package pdftexcmds Info: \pdfdraftmode found.
))
(C:\Users\IGNACIO\AppData\Local\Programs\MiKTeX\tex/latex/hycolor\hycolor.sty
Package: hycolor 2020-01-27 v1.10 Color options for hyperref/bookmark (HO)
)
(C:\Users\IGNACIO\AppData\Local\Programs\MiKTeX\tex/latex/hyperref\nameref.sty
Package: nameref 2026-01-29 v2.58 Cross-referencing by name of section

(C:\Users\IGNACIO\AppData\Local\Programs\MiKTeX\tex/latex/refcount\refcount.sty
Package: refcount 2019/12/15 v3.6 Data extraction from label references (HO)
)
(C:\Users\IGNACIO\AppData\Local\Programs\MiKTeX\tex/generic/gettitlestring\gett
itlestring.sty
Package: gettitlestring 2019/12/15 v1.6 Cleanup title references (HO)

(C:\Users\IGNACIO\AppData\Local\Programs\MiKTeX\tex/latex/kvoptions\kvoptions.s
ty
Package: kvoptions 2022-06-15 v3.15 Key value format for package options (HO)
))
\c@section@level=\count359
)
(C:\Users\IGNACIO\AppData\Local\Programs\MiKTeX\tex/generic/stringenc\stringenc
.sty
Package: stringenc 2019/11/29 v1.12 Convert strings between diff. encodings (HO
)
)
\@linkdim=\dimen321
\Hy@linkcounter=\count360
\Hy@pagecounter=\count361

(C:\Users\IGNACIO\AppData\Local\Programs\MiKTeX\tex/latex/hyperref\pd1enc.def
File: pd1enc.def 2026-04-24 v7.01q Hyperref: PDFDocEncoding definition (HO)
Now handling font encoding PD1 ...
... no UTF-8 mapping file for font encoding PD1
)
(C:\Users\IGNACIO\AppData\Local\Programs\MiKTeX\tex/generic/intcalc\intcalc.sty
Package: intcalc 2019/12/15 v1.3 Expandable calculations with integers (HO)
)
\Hy@SavedSpaceFactor=\count362
 (C:\Users\IGNACIO\AppData\Local\Programs\MiKTeX\tex/latex/hyperref\puenc.def
File: puenc.def 2026-04-24 v7.01q Hyperref: PDF Unicode definition (HO)
Now handling font encoding PU ...
... no UTF-8 mapping file for font encoding PU
)
Package hyperref Info: Hyper figures OFF on input line 4199.
Package hyperref Info: Link nesting OFF on input line 4204.
Package hyperref Info: Hyper index ON on input line 4207.
Package hyperref Info: Plain pages OFF on input line 4214.
Package hyperref Info: Backreferencing OFF on input line 4219.
Package hyperref Info: Implicit mode ON; LaTeX internals redefined.
Package hyperref Info: Bookmarks ON on input line 4466.
\c@Hy@tempcnt=\count363
(C:\Users\IGNACIO\AppData\Local\Programs\MiKTeX\tex/latex/url\url.sty
\Urlmuskip=\muskip18
Package: url 2013/09/16  ver 3.4  Verb mode for urls, etc.
)
LaTeX Info: Redefining \url on input line 4805.
\XeTeXLinkMargin=\dimen322

(C:\Users\IGNACIO\AppData\Local\Programs\MiKTeX\tex/generic/bitset\bitset.sty
Package: bitset 2019/12/09 v1.3 Handle bit-vector datatype (HO)

(C:\Users\IGNACIO\AppData\Local\Programs\MiKTeX\tex/generic/bigintcalc\bigintca
lc.sty
Package: bigintcalc 2019/12/15 v1.5 Expandable calculations on big integers (HO
)
))
\Fld@menulength=\count364
\Field@Width=\dimen323
\Fld@charsize=\dimen324
Package hyperref Info: Hyper figures OFF on input line 6091.
Package hyperref Info: Link nesting OFF on input line 6096.
Package hyperref Info: Hyper index ON on input line 6099.
Package hyperref Info: backreferencing OFF on input line 6106.
Package hyperref Info: Link coloring OFF on input line 6111.
Package hyperref Info: Link coloring with OCG OFF on input line 6116.
Package hyperref Info: PDF/A mode OFF on input line 6121.
\Hy@abspage=\count365
\c@Item=\count366
\c@Hfootnote=\count367
)
Package hyperref Info: Driver (autodetected): hpdftex.

(C:\Users\IGNACIO\AppData\Local\Programs\MiKTeX\tex/latex/hyperref\hpdftex.def
File: hpdftex.def 2026-04-24 v7.01q Hyperref driver for pdfTeX
\Fld@listcount=\count368
\c@bookmark@seq@number=\count369

(C:\Users\IGNACIO\AppData\Local\Programs\MiKTeX\tex/latex/rerunfilecheck\rerunf
ilecheck.sty
Package: rerunfilecheck 2025-06-21 v1.11 Rerun checks for auxiliary files (HO)

(C:\Users\IGNACIO\AppData\Local\Programs\MiKTeX\tex/generic/uniquecounter\uniqu
ecounter.sty
Package: uniquecounter 2019/12/15 v1.4 Provide unlimited unique counter (HO)
)
Package uniquecounter Info: New unique counter `rerunfilecheck' on input line 2
84.
)
\Hy@SectionHShift=\skip83
)
(C:\Users\IGNACIO\AppData\Local\Programs\MiKTeX\tex/latex/fancyhdr\fancyhdr.sty
Package: fancyhdr 2025/02/07 v5.2 Extensive control of page headers and footers

\f@nch@headwidth=\skip84
\f@nch@offset@elh=\skip85
\f@nch@offset@erh=\skip86
\f@nch@offset@olh=\skip87
\f@nch@offset@orh=\skip88
\f@nch@offset@elf=\skip89
\f@nch@offset@erf=\skip90
\f@nch@offset@olf=\skip91
\f@nch@offset@orf=\skip92
\f@nch@height=\skip93
\f@nch@footalignment=\skip94
\f@nch@widthL=\skip95
\f@nch@widthC=\skip96
\f@nch@widthR=\skip97
\@temptokenb=\toks48
)
(C:\Users\IGNACIO\AppData\Local\Programs\MiKTeX\tex/latex/titlesec\titlesec.sty
Package: titlesec 2025/01/04 v2.17 Sectioning titles
\ttl@box=\box89
\beforetitleunit=\skip98
\aftertitleunit=\skip99
\ttl@plus=\dimen325
\ttl@minus=\dimen326
\ttl@toksa=\toks49
\titlewidth=\dimen327
\titlewidthlast=\dimen328
\titlewidthfirst=\dimen329
) (C:\Users\IGNACIO\AppData\Local\Programs\MiKTeX\tex/latex/tocloft\tocloft.sty
Package: tocloft 2017/08/31 v2.3i parameterised ToC, etc., typesetting
Package tocloft Info: The document has section divisions on input line 51.
\cftparskip=\skip100
\cftbeforetoctitleskip=\skip101
\cftaftertoctitleskip=\skip102
\cftbeforepartskip=\skip103
\cftpartnumwidth=\skip104
\cftpartindent=\skip105
\cftbeforesecskip=\skip106
\cftsecindent=\skip107
\cftsecnumwidth=\skip108
\cftbeforesubsecskip=\skip109
\cftsubsecindent=\skip110
\cftsubsecnumwidth=\skip111
\cftbeforesubsubsecskip=\skip112
\cftsubsubsecindent=\skip113
\cftsubsubsecnumwidth=\skip114
\cftbeforeparaskip=\skip115
\cftparaindent=\skip116
\cftparanumwidth=\skip117
\cftbeforesubparaskip=\skip118
\cftsubparaindent=\skip119
\cftsubparanumwidth=\skip120
\cftbeforeloftitleskip=\skip121
\cftafterloftitleskip=\skip122
\cftbeforefigskip=\skip123
\cftfigindent=\skip124
\cftfignumwidth=\skip125
\c@lofdepth=\count370
\c@lotdepth=\count371
\cftbeforelottitleskip=\skip126
\cftafterlottitleskip=\skip127
\cftbeforetabskip=\skip128
\cfttabindent=\skip129
\cfttabnumwidth=\skip130
)
(C:\Users\IGNACIO\AppData\Local\Programs\MiKTeX\tex/latex/setspace\setspace.sty
Package: setspace 2022/12/04 v6.7b set line spacing
)
(C:\Users\IGNACIO\AppData\Local\Programs\MiKTeX\tex/latex/biblatex\biblatex.sty
Package: biblatex 2025/07/10 v3.21 programmable bibliographies (PK/MW)
(C:\Users\IGNACIO\AppData\Local\Programs\MiKTeX\tex/latex/logreq\logreq.sty
Package: logreq 2010/08/04 v1.0 xml request logger
\lrq@indent=\count372

(C:\Users\IGNACIO\AppData\Local\Programs\MiKTeX\tex/latex/logreq\logreq.def
File: logreq.def 2010/08/04 v1.0 logreq spec v1.0
))
\c@tabx@nest=\count373
\c@listtotal=\count374
\c@listcount=\count375
\c@liststart=\count376
\c@liststop=\count377
\c@citecount=\count378
\c@citetotal=\count379
\c@multicitecount=\count380
\c@multicitetotal=\count381
\c@instcount=\count382
\c@maxnames=\count383
\c@minnames=\count384
\c@maxitems=\count385
\c@minitems=\count386
\c@citecounter=\count387
\c@maxcitecounter=\count388
\c@savedcitecounter=\count389
\c@uniquelist=\count390
\c@uniquename=\count391
\c@refsection=\count392
\c@refsegment=\count393
\c@maxextratitle=\count394
\c@maxextratitleyear=\count395
\c@maxextraname=\count396
\c@maxextradate=\count397
\c@maxextraalpha=\count398
\c@abbrvpenalty=\count399
\c@highnamepenalty=\count400
\c@lownamepenalty=\count401
\c@maxparens=\count402
\c@parenlevel=\count403
\blx@tempcnta=\count404
\blx@tempcntb=\count405
\blx@tempcntc=\count406
\c@blx@maxsection=\count407
\blx@maxsegment@0=\count408
\blx@notetype=\count409
\blx@parenlevel@text=\count410
\blx@parenlevel@foot=\count411
\blx@sectionciteorder@0=\count412
\blx@sectionciteorderinternal@0=\count413
\blx@entrysetcounter=\count414
\blx@biblioinstance=\count415
\labelnumberwidth=\skip131
\labelalphawidth=\skip132
\biblabelsep=\skip133
\bibitemsep=\skip134
\bibnamesep=\skip135
\bibinitsep=\skip136
\bibparsep=\skip137
\bibhang=\skip138
\blx@bcfin=\read4
\blx@bcfout=\write4
\blx@langwohyphens=\language80
\c@mincomprange=\count416
\c@maxcomprange=\count417
\c@mincompwidth=\count418
Package biblatex Info: Trying to load biblatex default data model...
Package biblatex Info: ... file 'blx-dm.def' found.

(C:\Users\IGNACIO\AppData\Local\Programs\MiKTeX\tex/latex/biblatex\blx-dm.def
File: blx-dm.def 2025/07/10 v3.21 biblatex datamodel (PK/MW)
)
Package biblatex Info: Trying to load biblatex style data model...
Package biblatex Info: ... file 'apa.dbx' found.

(C:\Users\IGNACIO\AppData\Local\Programs\MiKTeX\tex/latex/biblatex-apa\apa.dbx
File: apa.dbx 2025/08/27 v9.20 APA biblatex style data model
)
Package biblatex Info: Trying to load biblatex custom data model...
Package biblatex Info: ... file 'biblatex-dm.cfg' not found.
\c@afterword=\count419
\c@savedafterword=\count420
\c@annotator=\count421
\c@savedannotator=\count422
\c@author=\count423
\c@savedauthor=\count424
\c@bookauthor=\count425
\c@savedbookauthor=\count426
\c@commentator=\count427
\c@savedcommentator=\count428
\c@editor=\count429
\c@savededitor=\count430
\c@editora=\count431
\c@savededitora=\count432
\c@editorb=\count433
\c@savededitorb=\count434
\c@editorc=\count435
\c@savededitorc=\count436
\c@foreword=\count437
\c@savedforeword=\count438
\c@holder=\count439
\c@savedholder=\count440
\c@introduction=\count441
\c@savedintroduction=\count442
\c@namea=\count443
\c@savednamea=\count444
\c@nameb=\count445
\c@savednameb=\count446
\c@namec=\count447
\c@savednamec=\count448
\c@translator=\count449
\c@savedtranslator=\count450
\c@shortauthor=\count451
\c@savedshortauthor=\count452
\c@shorteditor=\count453
\c@savedshorteditor=\count454
\c@narrator=\count455
\c@savednarrator=\count456
\c@execproducer=\count457
\c@savedexecproducer=\count458
\c@execdirector=\count459
\c@savedexecdirector=\count460
\c@with=\count461
\c@savedwith=\count462
\c@labelname=\count463
\c@savedlabelname=\count464
\c@institution=\count465
\c@savedinstitution=\count466
\c@lista=\count467
\c@savedlista=\count468
\c@listb=\count469
\c@savedlistb=\count470
\c@listc=\count471
\c@savedlistc=\count472
\c@listd=\count473
\c@savedlistd=\count474
\c@liste=\count475
\c@savedliste=\count476
\c@listf=\count477
\c@savedlistf=\count478
\c@location=\count479
\c@savedlocation=\count480
\c@organization=\count481
\c@savedorganization=\count482
\c@origlocation=\count483
\c@savedoriglocation=\count484
\c@origpublisher=\count485
\c@savedorigpublisher=\count486
\c@publisher=\count487
\c@savedpublisher=\count488
\c@language=\count489
\c@savedlanguage=\count490
\c@origlanguage=\count491
\c@savedoriglanguage=\count492
\c@citation=\count493
\c@savedcitation=\count494
\c@pageref=\count495
\c@savedpageref=\count496
\shorthandwidth=\skip139
\shortjournalwidth=\skip140
\shortserieswidth=\skip141
\shorttitlewidth=\skip142
\shortauthorwidth=\skip143
\shorteditorwidth=\skip144
\locallabelnumberwidth=\skip145
\locallabelalphawidth=\skip146
\localshorthandwidth=\skip147
\localshortjournalwidth=\skip148
\localshortserieswidth=\skip149
\localshorttitlewidth=\skip150
\localshortauthorwidth=\skip151
\localshorteditorwidth=\skip152
Package biblatex Info: Trying to load compatibility code...
Package biblatex Info: ... file 'blx-compat.def' found.

(C:\Users\IGNACIO\AppData\Local\Programs\MiKTeX\tex/latex/biblatex\blx-compat.d
ef
File: blx-compat.def 2025/07/10 v3.21 biblatex compatibility (PK/MW)
)
Package biblatex Info: Trying to load generic definitions...
Package biblatex Info: ... file 'biblatex.def' found.

(C:\Users\IGNACIO\AppData\Local\Programs\MiKTeX\tex/latex/biblatex\biblatex.def
File: biblatex.def 2025/07/10 v3.21 biblatex compatibility (PK/MW)
\c@textcitecount=\count497
\c@textcitetotal=\count498
\c@textcitemaxnames=\count499
\c@biburlbigbreakpenalty=\count500
\c@biburlbreakpenalty=\count501
\c@biburlnumpenalty=\count502
\c@biburlucpenalty=\count503
\c@biburllcpenalty=\count504
\biburlbigskip=\muskip19
\biburlnumskip=\muskip20
\biburlucskip=\muskip21
\biburllcskip=\muskip22
\c@smartand=\count505
)
Package biblatex Info: Trying to load natbib compatibility...
Package biblatex Info: ... file 'blx-natbib.def' found.

(C:\Users\IGNACIO\AppData\Local\Programs\MiKTeX\tex/latex/biblatex\blx-natbib.d
ef
File: blx-natbib.def 2025/07/10 v3.21 biblatex compatibility (PK/MW)
Package biblatex Info: Delimiter 'nameyeardelim' in context '' already defined,
 overwriting.
)
Package biblatex Info: Trying to load bibliography style 'apa'...
Package biblatex Info: ... file 'apa.bbx' found.

(C:\Users\IGNACIO\AppData\Local\Programs\MiKTeX\tex/latex/biblatex-apa\apa.bbx
File: apa.bbx 2025/08/27 v9.20 APA biblatex references style
Package biblatex Info: Trying to load bibliography style 'standard'...
Package biblatex Info: ... file 'standard.bbx' found.

(C:\Users\IGNACIO\AppData\Local\Programs\MiKTeX\tex/latex/biblatex/bbx\standard
.bbx
File: standard.bbx 2025/07/10 v3.21 biblatex bibliography style (PK/MW)
\c@bbx:relatedcount=\count506
\c@bbx:relatedtotal=\count507
)
Package biblatex Info: Delimiter 'nameyeardelim' in context 'bib' already defin
ed, overwriting.
Package biblatex Info: Delimiter 'nameyeardelim' in context 'biblist' already d
efined, overwriting.
Package biblatex Info: Delimiter 'nonameyeardelim' in context 'bib' already def
ined, overwriting.
Package biblatex Info: Delimiter 'nonameyeardelim' in context 'biblist' already
 defined, overwriting.
)
Package biblatex Info: Trying to load citation style 'apa'...
Package biblatex Info: ... file 'apa.cbx' found.

(C:\Users\IGNACIO\AppData\Local\Programs\MiKTeX\tex/latex/biblatex-apa\apa.cbx
File: apa.cbx 2025/08/27 v9.20 APA biblatex citation style
Package biblatex Info: Delimiter 'nameyeardelim' in context '' already defined,
 overwriting.
Package biblatex Info: Delimiter 'andothersdelim' in context '' already defined
, overwriting.
Package biblatex Info: Redefining '\fullcite'.
Package biblatex Info: Redefining '\citeauthor'.
Package biblatex Info: Redefining '\citeyear'.
Package biblatex Info: Redefining '\cite'.
Package biblatex Info: Redefining '\cites'.
Package biblatex Info: Redefining '\parencite'.
Package biblatex Info: Redefining '\parencites'.
Package biblatex Info: Redefining '\footcite'.
Package biblatex Info: Redefining '\footcites'.
Package biblatex Info: Redefining '\footcitetext'.
Package biblatex Info: Redefining '\footcitetexts'.
Package biblatex Info: Redefining '\smartcite'.
Package biblatex Info: Redefining '\smartcites'.
Package biblatex Info: Redefining '\textcite'.
Package biblatex Info: Redefining '\textcites'.
)
Package biblatex Info: Trying to load configuration file...
Package biblatex Info: ... file 'biblatex.cfg' found.

(C:\Users\IGNACIO\AppData\Local\Programs\MiKTeX\tex/latex/biblatex\biblatex.cfg
File: biblatex.cfg 
)
Package biblatex Info: Input encoding 'utf8' detected.
Package biblatex Info: Document encoding is UTF8 ....
 (C:\Users\IGNACIO\AppData\Local\Programs\MiKTeX\tex/latex/l3kernel\expl3.sty
Package: expl3 2026-04-28 L3 programming layer (loader) 

(C:\Users\IGNACIO\AppData\Local\Programs\MiKTeX\tex/latex/l3backend\l3backend-p
dftex.def
File: l3backend-pdftex.def 2026-02-18 L3 backend support: PDF output (pdfTeX)
\l__color_backend_stack_int=\count508
))
Package biblatex Info: ... and expl3
(biblatex)             2026-04-28 L3 programming layer (loader) 
(biblatex)             is new enough (at least 2020/04/06),
(biblatex)             setting 'casechanger=expl3'.

(C:\Users\IGNACIO\AppData\Local\Programs\MiKTeX\tex/latex/biblatex\blx-case-exp
l3.sty
(C:\Users\IGNACIO\AppData\Local\Programs\MiKTeX\tex/latex/l3packages/xparse\xpa
rse.sty
Package: xparse 2025-10-09 L3 Experimental document command parser
)
Package: blx-case-expl3 2025/07/10 v3.21 expl3 case changing code for biblatex
))
(C:\Users\IGNACIO\AppData\Local\Programs\MiKTeX\tex/latex/caption\caption.sty
Package: caption 2023/08/05 v3.6o Customizing captions (AR)

(C:\Users\IGNACIO\AppData\Local\Programs\MiKTeX\tex/latex/caption\caption3.sty
Package: caption3 2023/07/31 v2.4d caption3 kernel (AR)
\caption@tempdima=\dimen330
\captionmargin=\dimen331
\caption@leftmargin=\dimen332
\caption@rightmargin=\dimen333
\caption@width=\dimen334
\caption@indent=\dimen335
\caption@parindent=\dimen336
\caption@hangindent=\dimen337
Package caption Info: Standard document class detected.
)
\c@caption@flags=\count509
\c@continuedfloat=\count510
Package caption Info: float package is loaded.
Package caption Info: hyperref package is loaded.
Package caption Info: listings package is loaded.
Package caption Info: longtable package is loaded.

(C:\Users\IGNACIO\AppData\Local\Programs\MiKTeX\tex/latex/caption\ltcaption.sty
Package: ltcaption 2021/01/08 v1.4c longtable captions (AR)
))
Package csquotes Info: Checking for multilingual support...
Package csquotes Info: ... found 'babel' package.
Package csquotes Info: Adjusting default style.
Package csquotes Info: Redefining alias 'default' -> 'spanish'.
 (INVESTIGACION_DOC.aux
LaTeX Info: Redefining \. on input line 9.
LaTeX Info: Redefining \% on input line 9.
Package babel Info: 'spanish' activates 'spanish' shorthands.
(babel)             Reported on input line 9.
)
\openout1 = `INVESTIGACION_DOC.aux'.

LaTeX Font Info:    Checking defaults for OML/cmm/m/it on input line 177.
LaTeX Font Info:    ... okay on input line 177.
LaTeX Font Info:    Checking defaults for OMS/cmsy/m/n on input line 177.
LaTeX Font Info:    ... okay on input line 177.
LaTeX Font Info:    Checking defaults for OT1/cmr/m/n on input line 177.
LaTeX Font Info:    ... okay on input line 177.
LaTeX Font Info:    Checking defaults for T1/cmr/m/n on input line 177.
LaTeX Font Info:    ... okay on input line 177.
LaTeX Font Info:    Checking defaults for TS1/cmr/m/n on input line 177.
LaTeX Font Info:    ... okay on input line 177.
LaTeX Font Info:    Checking defaults for OMX/cmex/m/n on input line 177.
LaTeX Font Info:    ... okay on input line 177.
LaTeX Font Info:    Checking defaults for U/cmr/m/n on input line 177.
LaTeX Font Info:    ... okay on input line 177.
LaTeX Font Info:    Checking defaults for PD1/pdf/m/n on input line 177.
LaTeX Font Info:    ... okay on input line 177.
LaTeX Font Info:    Checking defaults for PU/pdf/m/n on input line 177.
LaTeX Font Info:    ... okay on input line 177.
LaTeX Info: Redefining \. on input line 177.
LaTeX Info: Redefining \% on input line 177.

*geometry* driver: auto-detecting
*geometry* detected driver: pdftex
*geometry* verbose mode - [ preamble ] result:
* driver: pdftex
* paper: a4paper
* layout: <same size as paper>
* layoutoffset:(h,v)=(0.0pt,0.0pt)
* modes: 
* h-part:(L,W,R)=(72.2698pt, 452.96826pt, 72.2698pt)
* v-part:(T,H,B)=(72.2698pt, 700.50723pt, 72.2698pt)
* \paperwidth=597.50787pt
* \paperheight=845.04684pt
* \textwidth=452.96826pt
* \textheight=700.50723pt
* \oddsidemargin=-0.00018pt
* \evensidemargin=-0.00018pt
* \topmargin=-57.00018pt
* \headheight=32.0pt
* \headsep=25.0pt
* \topskip=12.0pt
* \footskip=30.0pt
* \marginparwidth=35.0pt
* \marginparsep=10.0pt
* \columnsep=10.0pt
* \skip\footins=10.8pt plus 4.0pt minus 2.0pt
* \hoffset=0.0pt
* \voffset=0.0pt
* \mag=1000
* \@twocolumnfalse
* \@twosidefalse
* \@mparswitchfalse
* \@reversemarginfalse
* (1in=72.27pt=25.4mm, 1cm=28.453pt)


(C:\Users\IGNACIO\AppData\Local\Programs\MiKTeX\tex/context/base/mkii\supp-pdf.
mkii
[Loading MPS to PDF converter (version 2006.09.02).]
\scratchcounter=\count511
\scratchdimen=\dimen338
\scratchbox=\box90
\nofMPsegments=\count512
\nofMParguments=\count513
\everyMPshowfont=\toks50
\MPscratchCnt=\count514
\MPscratchDim=\dimen339
\MPnumerator=\count515
\makeMPintoPDFobject=\count516
\everyMPtoPDFconversion=\toks51
)
(C:\Users\IGNACIO\AppData\Local\Programs\MiKTeX\tex/latex/epstopdf-pkg\epstopdf
-base.sty
Package: epstopdf-base 2020-01-24 v2.11 Base part for package epstopdf
Package epstopdf-base Info: Redefining graphics rule for `.eps' on input line 4
85.

(C:\Users\IGNACIO\AppData\Local\Programs\MiKTeX\tex/latex/00miktex\epstopdf-sys
.cfg
File: epstopdf-sys.cfg 2021/03/18 v2.0 Configuration of epstopdf for MiKTeX
))
\c@lstlisting=\count517
Package hyperref Info: Link coloring OFF on input line 177.
 (INVESTIGACION_DOC.out) (INVESTIGACION_DOC.out)
\@outlinefile=\write5
\openout5 = `INVESTIGACION_DOC.out'.

Package biblatex Info: Trying to load language 'spanish' -> 'spanish-apa'...
Package biblatex Info: ... file 'spanish-apa.lbx' found.

(C:\Users\IGNACIO\AppData\Local\Programs\MiKTeX\tex/latex/biblatex-apa\spanish-
apa.lbx
File: spanish-apa.lbx 2025/08/27 v9.20 APA biblatex localisation
Package biblatex Info: Trying to load language 'spanish'...
Package biblatex Info: ... file 'spanish.lbx' found.

(C:\Users\IGNACIO\AppData\Local\Programs\MiKTeX\tex/latex/biblatex/lbx\spanish.
lbx
File: spanish.lbx 2025/07/10 v3.21 biblatex localization (PK/MW)
)
Package biblatex Info: Trying to load language 'spanish'...
Package biblatex Info: ... file 'spanish.lbx' found.

(C:\Users\IGNACIO\AppData\Local\Programs\MiKTeX\tex/latex/biblatex/lbx\spanish.
lbx
File: spanish.lbx 2025/07/10 v3.21 biblatex localization (PK/MW)
))
Package biblatex Info: Trying to load language 'english' -> 'english-apa'...
Package biblatex Info: ... file 'english-apa.lbx' found.

(C:\Users\IGNACIO\AppData\Local\Programs\MiKTeX\tex/latex/biblatex-apa\english-
apa.lbx
File: english-apa.lbx 2025/08/27 v9.20 APA biblatex localisation
Package biblatex Info: Trying to load language 'english'...
Package biblatex Info: ... file 'english.lbx' found.

(C:\Users\IGNACIO\AppData\Local\Programs\MiKTeX\tex/latex/biblatex/lbx\english.
lbx
File: english.lbx 2025/07/10 v3.21 biblatex localization (PK/MW)
)
Package biblatex Info: Trying to load language 'american' -> 'american-apa'...
Package biblatex Info: ... file 'american-apa.lbx' found.

(C:\Users\IGNACIO\AppData\Local\Programs\MiKTeX\tex/latex/biblatex-apa\american
-apa.lbx
File: american-apa.lbx 2025/08/27 v9.20 APA biblatex localisation
Package biblatex Info: Trying to load language 'american'...
Package biblatex Info: ... file 'american.lbx' found.

(C:\Users\IGNACIO\AppData\Local\Programs\MiKTeX\tex/latex/biblatex/lbx\american
.lbx
File: american.lbx 2025/07/10 v3.21 biblatex localization (PK/MW)
Package biblatex Info: Trying to load language 'english'...
Package biblatex Info: ... file 'english.lbx' found.

(C:\Users\IGNACIO\AppData\Local\Programs\MiKTeX\tex/latex/biblatex/lbx\english.
lbx
File: english.lbx 2025/07/10 v3.21 biblatex localization (PK/MW)
))))
Package biblatex Info: Input encoding 'utf8' detected.
Package biblatex Info: Automatic encoding selection.
(biblatex)             Assuming data encoding 'utf8'.
\openout4 = `INVESTIGACION_DOC.bcf'.

Package biblatex Info: Trying to load bibliographic data...
Package biblatex Info: ... file 'INVESTIGACION_DOC.bbl' found.
 (INVESTIGACION_DOC.bbl

Package biblatex Warning: The following entry could not be found
(biblatex)                in the database:
(biblatex)                albulayhi2022
(biblatex)                Please verify the spelling and rerun
(biblatex)                LaTeX afterwards.


Package biblatex Warning: The following entry could not be found
(biblatex)                in the database:
(biblatex)                hassan2025
(biblatex)                Please verify the spelling and rerun
(biblatex)                LaTeX afterwards.


Package biblatex Warning: The following entry could not be found
(biblatex)                in the database:
(biblatex)                kumar2023
(biblatex)                Please verify the spelling and rerun
(biblatex)                LaTeX afterwards.


Package biblatex Warning: The following entry could not be found
(biblatex)                in the database:
(biblatex)                neto2023
(biblatex)                Please verify the spelling and rerun
(biblatex)                LaTeX afterwards.


Package biblatex Warning: The following entry could not be found
(biblatex)                in the database:
(biblatex)                zhang2024
(biblatex)                Please verify the spelling and rerun
(biblatex)                LaTeX afterwards.

)
Package biblatex Info: Reference section=0 on input line 177.
Package biblatex Info: Reference segment=0 on input line 177.
Package caption Info: Begin \AtBeginDocument code.
Package caption Info: End \AtBeginDocument code.
<logos/LOGO_UNAP.png, id=330, 1066.7353pt x 1096.84781pt>
File: logos/LOGO_UNAP.png Graphic file (type png)
<use logos/LOGO_UNAP.png>
Package pdftex.def Info: logos/LOGO_UNAP.png  used on input line 199.
(pdftex.def)             Requested size: 72.47658pt x 74.51102pt.
LaTeX Font Info:    Trying to load font information for U+msa on input line 200
.
 (C:\Users\IGNACIO\AppData\Local\Programs\MiKTeX\tex/latex/amsfonts\umsa.fd
File: umsa.fd 2013/01/14 v3.01 AMS symbols A
)
LaTeX Font Info:    Trying to load font information for U+msb on input line 200
.

(C:\Users\IGNACIO\AppData\Local\Programs\MiKTeX\tex/latex/amsfonts\umsb.fd
File: umsb.fd 2013/01/14 v3.01 AMS symbols B
)
<logos/logo_sistemas.png, id=332, 752.8125pt x 752.8125pt>
File: logos/logo_sistemas.png Graphic file (type png)
<use logos/logo_sistemas.png>
Package pdftex.def Info: logos/logo_sistemas.png  used on input line 209.
(pdftex.def)             Requested size: 72.47658pt x 72.47134pt.

Overfull \hbox (0.2pt too wide) in paragraph at lines 218--229
 [] 
 []

[1

{C:/Users/IGNACIO/AppData/Local/MiKTeX/fonts/map/pdftex/pdftex.map} <./logos/LO
GO_UNAP.png> <./logos/logo_sistemas.png>] (secciones/resumen.tex
File: logos/LOGO_UNAP.png Graphic file (type png)
<use logos/LOGO_UNAP.png>
Package pdftex.def Info: logos/LOGO_UNAP.png  used on input line 11.
(pdftex.def)             Requested size: 15.6491pt x 16.0838pt.
File: logos/logo_sistemas.png Graphic file (type png)
<use logos/logo_sistemas.png>
Package pdftex.def Info: logos/logo_sistemas.png  used on input line 11.
(pdftex.def)             Requested size: 15.6491pt x 15.64526pt.

pdfTeX warning (ext4): destination with the same identifier (name{page.1}) has 
been already used, duplicate ignored
<to be read again> 
                   \relax 
l.11 \newpage
              [1])
File: logos/LOGO_UNAP.png Graphic file (type png)
<use logos/LOGO_UNAP.png>
Package pdftex.def Info: logos/LOGO_UNAP.png  used on input line 252.
(pdftex.def)             Requested size: 15.6491pt x 16.0838pt.
File: logos/logo_sistemas.png Graphic file (type png)
<use logos/logo_sistemas.png>
Package pdftex.def Info: logos/logo_sistemas.png  used on input line 252.
(pdftex.def)             Requested size: 15.6491pt x 15.64526pt.
 [2] (INVESTIGACION_DOC.toc
LaTeX Info: Redefining \sptext on input line 1.
LaTeX Info: Redefining \. on input line 1.
LaTeX Info: Redefining \% on input line 1.
File: logos/LOGO_UNAP.png Graphic file (type png)
<use logos/LOGO_UNAP.png>
Package pdftex.def Info: logos/LOGO_UNAP.png  used on input line 29.
(pdftex.def)             Requested size: 15.6491pt x 16.0838pt.
File: logos/logo_sistemas.png Graphic file (type png)
<use logos/logo_sistemas.png>
Package pdftex.def Info: logos/logo_sistemas.png  used on input line 29.
(pdftex.def)             Requested size: 15.6491pt x 15.64526pt.
 [3]
File: logos/LOGO_UNAP.png Graphic file (type png)
<use logos/LOGO_UNAP.png>
Package pdftex.def Info: logos/LOGO_UNAP.png  used on input line 58.
(pdftex.def)             Requested size: 15.6491pt x 16.0838pt.
File: logos/logo_sistemas.png Graphic file (type png)
<use logos/logo_sistemas.png>
Package pdftex.def Info: logos/logo_sistemas.png  used on input line 58.
(pdftex.def)             Requested size: 15.6491pt x 15.64526pt.
 [4])
\tf@toc=\write6
\openout6 = `INVESTIGACION_DOC.toc'.

File: logos/LOGO_UNAP.png Graphic file (type png)
<use logos/LOGO_UNAP.png>
Package pdftex.def Info: logos/LOGO_UNAP.png  used on input line 254.
(pdftex.def)             Requested size: 15.6491pt x 16.0838pt.
File: logos/logo_sistemas.png Graphic file (type png)
<use logos/logo_sistemas.png>
Package pdftex.def Info: logos/logo_sistemas.png  used on input line 254.
(pdftex.def)             Requested size: 15.6491pt x 15.64526pt.
 [5]
(INVESTIGACION_DOC.lof
LaTeX Info: Redefining \sptext on input line 1.
LaTeX Info: Redefining \. on input line 1.
LaTeX Info: Redefining \% on input line 1.

Overfull \hbox (19.27768pt too wide) in paragraph at lines 3--3
 [][] [][]\T1/cmr/m/n/12 Pipeline me-to-do-ló-gi-co com-ple-to de 5 fa-ses eje-
cu-ta-do en el pro-yec-to EdgeGuard- 
 []

)
\tf@lof=\write7
\openout7 = `INVESTIGACION_DOC.lof'.

File: logos/LOGO_UNAP.png Graphic file (type png)
<use logos/LOGO_UNAP.png>
Package pdftex.def Info: logos/LOGO_UNAP.png  used on input line 256.
(pdftex.def)             Requested size: 15.6491pt x 16.0838pt.
File: logos/logo_sistemas.png Graphic file (type png)
<use logos/logo_sistemas.png>
Package pdftex.def Info: logos/logo_sistemas.png  used on input line 256.
(pdftex.def)             Requested size: 15.6491pt x 15.64526pt.
 [6] (INVESTIGACION_DOC.lot
LaTeX Info: Redefining \sptext on input line 1.
LaTeX Info: Redefining \. on input line 1.
LaTeX Info: Redefining \% on input line 1.
)
\tf@lot=\write8
\openout8 = `INVESTIGACION_DOC.lot'.

File: logos/LOGO_UNAP.png Graphic file (type png)
<use logos/LOGO_UNAP.png>
Package pdftex.def Info: logos/LOGO_UNAP.png  used on input line 259.
(pdftex.def)             Requested size: 15.6491pt x 16.0838pt.
File: logos/logo_sistemas.png Graphic file (type png)
<use logos/logo_sistemas.png>
Package pdftex.def Info: logos/logo_sistemas.png  used on input line 259.
(pdftex.def)             Requested size: 15.6491pt x 15.64526pt.
 [7] (secciones/introduccion.tex)
File: logos/LOGO_UNAP.png Graphic file (type png)
<use logos/LOGO_UNAP.png>
Package pdftex.def Info: logos/LOGO_UNAP.png  used on input line 261.
(pdftex.def)             Requested size: 15.6491pt x 16.0838pt.
File: logos/logo_sistemas.png Graphic file (type png)
<use logos/logo_sistemas.png>
Package pdftex.def Info: logos/logo_sistemas.png  used on input line 261.
(pdftex.def)             Requested size: 15.6491pt x 15.64526pt.
 [8]
(secciones/marco_teorico.tex

LaTeX Warning: Citation 'albulayhi2022' on page 9 undefined on input line 8.


LaTeX Warning: Citation 'hassan2025' on page 9 undefined on input line 11.

File: logos/LOGO_UNAP.png Graphic file (type png)
<use logos/LOGO_UNAP.png>
Package pdftex.def Info: logos/LOGO_UNAP.png  used on input line 19.
(pdftex.def)             Requested size: 15.6491pt x 16.0838pt.
File: logos/logo_sistemas.png Graphic file (type png)
<use logos/logo_sistemas.png>
Package pdftex.def Info: logos/logo_sistemas.png  used on input line 19.
(pdftex.def)             Requested size: 15.6491pt x 15.64526pt.
[9]

LaTeX Warning: Citation 'neto2023' on page 10 undefined on input line 23.


LaTeX Warning: Citation 'kumar2023' on page 10 undefined on input line 28.

File: logos/LOGO_UNAP.png Graphic file (type png)
<use logos/LOGO_UNAP.png>
Package pdftex.def Info: logos/LOGO_UNAP.png  used on input line 32.
(pdftex.def)             Requested size: 15.6491pt x 16.0838pt.
File: logos/logo_sistemas.png Graphic file (type png)
<use logos/logo_sistemas.png>
Package pdftex.def Info: logos/logo_sistemas.png  used on input line 32.
(pdftex.def)             Requested size: 15.6491pt x 15.64526pt.
[10]

LaTeX Warning: Citation 'hassan2025' on page 11 undefined on input line 33.


LaTeX Warning: Citation 'albulayhi2022' on page 11 undefined on input line 38.


LaTeX Warning: Citation 'neto2023' on page 11 undefined on input line 43.

File: logos/LOGO_UNAP.png Graphic file (type png)
<use logos/LOGO_UNAP.png>
Package pdftex.def Info: logos/LOGO_UNAP.png  used on input line 49.
(pdftex.def)             Requested size: 15.6491pt x 16.0838pt.
File: logos/logo_sistemas.png Graphic file (type png)
<use logos/logo_sistemas.png>
Package pdftex.def Info: logos/logo_sistemas.png  used on input line 49.
(pdftex.def)             Requested size: 15.6491pt x 15.64526pt.
[11]

LaTeX Warning: Citation 'zhang2024' on page 12 undefined on input line 53.


LaTeX Warning: Citation 'hassan2025' on page 12 undefined on input line 58.


LaTeX Warning: Citation 'neto2023' on page 12 undefined on input line 63.

File: logos/LOGO_UNAP.png Graphic file (type png)
<use logos/LOGO_UNAP.png>
Package pdftex.def Info: logos/LOGO_UNAP.png  used on input line 66.
(pdftex.def)             Requested size: 15.6491pt x 16.0838pt.
File: logos/logo_sistemas.png Graphic file (type png)
<use logos/logo_sistemas.png>
Package pdftex.def Info: logos/logo_sistemas.png  used on input line 66.
(pdftex.def)             Requested size: 15.6491pt x 15.64526pt.
[12]
<E:/PROYECTO DE INVESTIGACION/dataset/MERGED_CSV/results/reports_and_plots/vae_
mlp_architecture_diagram.png, id=535, 10099.0098pt x 3271.9038pt>
File: E:/PROYECTO DE INVESTIGACION/dataset/MERGED_CSV/results/reports_and_plots
/vae_mlp_architecture_diagram.png Graphic file (type png)
<use E:/PROYECTO DE INVESTIGACION/dataset/MERGED_CSV/results/reports_and_plots/
vae_mlp_architecture_diagram.png>
Package pdftex.def Info: E:/PROYECTO DE INVESTIGACION/dataset/MERGED_CSV/result
s/reports_and_plots/vae_mlp_architecture_diagram.png  used on input line 73.
(pdftex.def)             Requested size: 430.31847pt x 139.39107pt.
File: logos/LOGO_UNAP.png Graphic file (type png)
<use logos/LOGO_UNAP.png>
Package pdftex.def Info: logos/LOGO_UNAP.png  used on input line 95.
(pdftex.def)             Requested size: 15.6491pt x 16.0838pt.
File: logos/logo_sistemas.png Graphic file (type png)
<use logos/logo_sistemas.png>
Package pdftex.def Info: logos/logo_sistemas.png  used on input line 95.
(pdftex.def)             Requested size: 15.6491pt x 15.64526pt.
 [13 <E:/PROYECTO DE INVESTIGACION/dataset/MERGED_CSV/results/reports_and_plots
/vae_mlp_architecture_diagram.png>]

LaTeX Warning: Citation 'zhang2024' on page 14 undefined on input line 114.

File: logos/LOGO_UNAP.png Graphic file (type png)
<use logos/LOGO_UNAP.png>
Package pdftex.def Info: logos/LOGO_UNAP.png  used on input line 124.
(pdftex.def)             Requested size: 15.6491pt x 16.0838pt.
File: logos/logo_sistemas.png Graphic file (type png)
<use logos/logo_sistemas.png>
Package pdftex.def Info: logos/logo_sistemas.png  used on input line 124.
(pdftex.def)             Requested size: 15.6491pt x 15.64526pt.
[14]

LaTeX Warning: Citation 'kumar2023' on page 15 undefined on input line 128.

File: logos/LOGO_UNAP.png Graphic file (type png)
<use logos/LOGO_UNAP.png>
Package pdftex.def Info: logos/LOGO_UNAP.png  used on input line 151.
(pdftex.def)             Requested size: 15.6491pt x 16.0838pt.
File: logos/logo_sistemas.png Graphic file (type png)
<use logos/logo_sistemas.png>
Package pdftex.def Info: logos/logo_sistemas.png  used on input line 151.
(pdftex.def)             Requested size: 15.6491pt x 15.64526pt.
[15])
File: logos/LOGO_UNAP.png Graphic file (type png)
<use logos/LOGO_UNAP.png>
Package pdftex.def Info: logos/LOGO_UNAP.png  used on input line 263.
(pdftex.def)             Requested size: 15.6491pt x 16.0838pt.
File: logos/logo_sistemas.png Graphic file (type png)
<use logos/logo_sistemas.png>
Package pdftex.def Info: logos/logo_sistemas.png  used on input line 263.
(pdftex.def)             Requested size: 15.6491pt x 15.64526pt.
 [16] (secciones/antecedentes.tex
File: logos/LOGO_UNAP.png Graphic file (type png)
<use logos/LOGO_UNAP.png>
Package pdftex.def Info: logos/LOGO_UNAP.png  used on input line 19.
(pdftex.def)             Requested size: 15.6491pt x 16.0838pt.
File: logos/logo_sistemas.png Graphic file (type png)
<use logos/logo_sistemas.png>
Package pdftex.def Info: logos/logo_sistemas.png  used on input line 19.
(pdftex.def)             Requested size: 15.6491pt x 15.64526pt.
 [17]
File: logos/LOGO_UNAP.png Graphic file (type png)
<use logos/LOGO_UNAP.png>
Package pdftex.def Info: logos/LOGO_UNAP.png  used on input line 37.
(pdftex.def)             Requested size: 15.6491pt x 16.0838pt.
File: logos/logo_sistemas.png Graphic file (type png)
<use logos/logo_sistemas.png>
Package pdftex.def Info: logos/logo_sistemas.png  used on input line 37.
(pdftex.def)             Requested size: 15.6491pt x 15.64526pt.
 [18]
File: logos/LOGO_UNAP.png Graphic file (type png)
<use logos/LOGO_UNAP.png>
Package pdftex.def Info: logos/LOGO_UNAP.png  used on input line 58.
(pdftex.def)             Requested size: 15.6491pt x 16.0838pt.
File: logos/logo_sistemas.png Graphic file (type png)
<use logos/logo_sistemas.png>
Package pdftex.def Info: logos/logo_sistemas.png  used on input line 58.
(pdftex.def)             Requested size: 15.6491pt x 15.64526pt.
 [19]
Underfull \hbox (badness 4217) in paragraph at lines 75--75
[]|\T1/cmr/bx/n/8 Técnica Prin-ci-
 []


Underfull \hbox (badness 10000) in paragraph at lines 77--78
[]|\T1/cmr/m/n/8 Modelos ma-si-vos
 []


Underfull \hbox (badness 10000) in paragraph at lines 78--78
[]|\T1/cmr/m/n/8 Albulayhi et al.
 []


Underfull \hbox (badness 1337) in paragraph at lines 78--79
[]|\T1/cmr/m/n/8 No rea-li-za cla-si-fi-ca-ción
 []


Underfull \hbox (badness 10000) in paragraph at lines 80--80
[]|\T1/cmr/m/n/8 Kumar & Mohan
 []


Underfull \hbox (badness 10000) in paragraph at lines 80--80
[]|\T1/cmr/m/n/8 Stacking
 []


Underfull \hbox (badness 10000) in paragraph at lines 81--82
[]|\T1/cmr/m/n/8 Requiere al-to tiem-po
 []


Underfull \hbox (badness 10000) in paragraph at lines 82--82
[]|\T1/cmr/bx/n/8 EdgeGuard-IoT
 []


Underfull \hbox (badness 6332) in paragraph at lines 82--82
\T1/cmr/bx/n/8 + Stac-king +
 []


Underfull \hbox (badness 4279) in paragraph at lines 82--82
[]|\T1/cmr/bx/n/8 Acc: 77.18$ $% |
 []


Underfull \hbox (badness 10000) in paragraph at lines 82--83
[]|\T1/cmr/bx/n/8 Solución Hí-bri-da
 []

)
File: logos/LOGO_UNAP.png Graphic file (type png)
<use logos/LOGO_UNAP.png>
Package pdftex.def Info: logos/LOGO_UNAP.png  used on input line 265.
(pdftex.def)             Requested size: 15.6491pt x 16.0838pt.
File: logos/logo_sistemas.png Graphic file (type png)
<use logos/logo_sistemas.png>
Package pdftex.def Info: logos/logo_sistemas.png  used on input line 265.
(pdftex.def)             Requested size: 15.6491pt x 15.64526pt.
 [20] (secciones/objetivos.tex)
File: logos/LOGO_UNAP.png Graphic file (type png)
<use logos/LOGO_UNAP.png>
Package pdftex.def Info: logos/LOGO_UNAP.png  used on input line 267.
(pdftex.def)             Requested size: 15.6491pt x 16.0838pt.
File: logos/logo_sistemas.png Graphic file (type png)
<use logos/logo_sistemas.png>
Package pdftex.def Info: logos/logo_sistemas.png  used on input line 267.
(pdftex.def)             Requested size: 15.6491pt x 15.64526pt.
 [21] (secciones/metodologia.tex
File: logos/LOGO_UNAP.png Graphic file (type png)
<use logos/LOGO_UNAP.png>
Package pdftex.def Info: logos/LOGO_UNAP.png  used on input line 50.
(pdftex.def)             Requested size: 15.6491pt x 16.0838pt.
File: logos/logo_sistemas.png Graphic file (type png)
<use logos/logo_sistemas.png>
Package pdftex.def Info: logos/logo_sistemas.png  used on input line 50.
(pdftex.def)             Requested size: 15.6491pt x 15.64526pt.
 [22]
Underfull \hbox (badness 10000) in paragraph at lines 72--73
[]|\T1/cmtt/m/n/10.95 Header_Length\T1/cmr/m/n/10.95 , \T1/cmtt/m/n/10.95 Proto
col Type\T1/cmr/m/n/10.95 ,
 []


Underfull \hbox (badness 10000) in paragraph at lines 74--75
[]|\T1/cmtt/m/n/10.95 ack_count\T1/cmr/m/n/10.95 , \T1/cmtt/m/n/10.95 syn_count
\T1/cmr/m/n/10.95 , \T1/cmtt/m/n/10.95 fin_count\T1/cmr/m/n/10.95 ,
 []

File: logos/LOGO_UNAP.png Graphic file (type png)
<use logos/LOGO_UNAP.png>
Package pdftex.def Info: logos/LOGO_UNAP.png  used on input line 85.
(pdftex.def)             Requested size: 15.6491pt x 16.0838pt.
File: logos/logo_sistemas.png Graphic file (type png)
<use logos/logo_sistemas.png>
Package pdftex.def Info: logos/logo_sistemas.png  used on input line 85.
(pdftex.def)             Requested size: 15.6491pt x 15.64526pt.
[23]
Overfull \hbox (56.37393pt too wide) in paragraph at lines 99--100
\T1/cmr/m/n/12 va-li-da-das, ex-por-tan-do el re-por-te en \T1/cmtt/m/n/12 resu
lts/reports_and_plots/feature_selection_stats.csv\T1/cmr/m/n/12 . 
 []

<../results/reports_and_plots/vae_mlp_architecture_diagram.png, id=628, 10099.0
098pt x 3271.9038pt>
File: ../results/reports_and_plots/vae_mlp_architecture_diagram.png Graphic fil
e (type png)
<use ../results/reports_and_plots/vae_mlp_architecture_diagram.png>
Package pdftex.def Info: ../results/reports_and_plots/vae_mlp_architecture_diag
ram.png  used on input line 120.
(pdftex.def)             Requested size: 443.90695pt x 143.78448pt.
File: logos/LOGO_UNAP.png Graphic file (type png)
<use logos/LOGO_UNAP.png>
Package pdftex.def Info: logos/LOGO_UNAP.png  used on input line 123.
(pdftex.def)             Requested size: 15.6491pt x 16.0838pt.
File: logos/logo_sistemas.png Graphic file (type png)
<use logos/logo_sistemas.png>
Package pdftex.def Info: logos/logo_sistemas.png  used on input line 123.
(pdftex.def)             Requested size: 15.6491pt x 15.64526pt.
[24]
File: logos/LOGO_UNAP.png Graphic file (type png)
<use logos/LOGO_UNAP.png>
Package pdftex.def Info: logos/LOGO_UNAP.png  used on input line 146.
(pdftex.def)             Requested size: 15.6491pt x 16.0838pt.
File: logos/logo_sistemas.png Graphic file (type png)
<use logos/logo_sistemas.png>
Package pdftex.def Info: logos/logo_sistemas.png  used on input line 146.
(pdftex.def)             Requested size: 15.6491pt x 15.64526pt.
 [25 <../results/reports_and_plots/vae_mlp_architecture_diagram.png>]
LaTeX Font Info:    Font shape `T1/cmtt/bx/n' in size <12> not available
(Font)              Font shape `T1/cmtt/m/n' tried instead on input line 155.

Overfull \hbox (31.38115pt too wide) in paragraph at lines 159--160
[]\T1/cmr/m/n/12 El mo-de-lo Py-Torch en-tre-na-do se ex-por-tó a for-ma-to ONN
X Float32 (\T1/cmtt/m/n/12 opset_version\T1/cmr/m/n/12 =17)
 []

File: logos/LOGO_UNAP.png Graphic file (type png)
<use logos/LOGO_UNAP.png>
Package pdftex.def Info: logos/LOGO_UNAP.png  used on input line 174.
(pdftex.def)             Requested size: 15.6491pt x 16.0838pt.
File: logos/logo_sistemas.png Graphic file (type png)
<use logos/logo_sistemas.png>
Package pdftex.def Info: logos/logo_sistemas.png  used on input line 174.
(pdftex.def)             Requested size: 15.6491pt x 15.64526pt.
[26])
File: logos/LOGO_UNAP.png Graphic file (type png)
<use logos/LOGO_UNAP.png>
Package pdftex.def Info: logos/LOGO_UNAP.png  used on input line 269.
(pdftex.def)             Requested size: 15.6491pt x 16.0838pt.
File: logos/logo_sistemas.png Graphic file (type png)
<use logos/logo_sistemas.png>
Package pdftex.def Info: logos/logo_sistemas.png  used on input line 269.
(pdftex.def)             Requested size: 15.6491pt x 15.64526pt.
 [27] (secciones/resultados.tex
<../results/reports_and_plots/feature_selection_barplot.png, id=664, 867.24pt x
 433.62pt>
File: ../results/reports_and_plots/feature_selection_barplot.png Graphic file (
type png)
<use ../results/reports_and_plots/feature_selection_barplot.png>
Package pdftex.def Info: ../results/reports_and_plots/feature_selection_barplot
.png  used on input line 10.
(pdftex.def)             Requested size: 416.72997pt x 208.3668pt.
<../results/reports_and_plots/training_history_loss_f1.png, id=666, 1011.78pt x
 361.35pt>
File: ../results/reports_and_plots/training_history_loss_f1.png Graphic file (t
ype png)
<use ../results/reports_and_plots/training_history_loss_f1.png>
Package pdftex.def Info: ../results/reports_and_plots/training_history_loss_f1.
png  used on input line 22.
(pdftex.def)             Requested size: 430.31847pt x 153.68475pt.
File: logos/LOGO_UNAP.png Graphic file (type png)
<use logos/LOGO_UNAP.png>
Package pdftex.def Info: logos/LOGO_UNAP.png  used on input line 26.
(pdftex.def)             Requested size: 15.6491pt x 16.0838pt.
File: logos/logo_sistemas.png Graphic file (type png)
<use logos/logo_sistemas.png>
Package pdftex.def Info: logos/logo_sistemas.png  used on input line 26.
(pdftex.def)             Requested size: 15.6491pt x 15.64526pt.
 [28 <../results/reports_and_plots/feature_selection_barplot.png>]
<../results/reports_and_plots/confusion_matrices_combined.png, id=673, 1156.32p
t x 505.89pt>
File: ../results/reports_and_plots/confusion_matrices_combined.png Graphic file
 (type png)
<use ../results/reports_and_plots/confusion_matrices_combined.png>
Package pdftex.def Info: ../results/reports_and_plots/confusion_matrices_combin
ed.png  used on input line 32.
(pdftex.def)             Requested size: 430.31847pt x 188.26477pt.
<../results/reports_and_plots/roc_curves_multiclass.png, id=676, 722.7pt x 578.
16pt>
File: ../results/reports_and_plots/roc_curves_multiclass.png Graphic file (type
 png)
<use ../results/reports_and_plots/roc_curves_multiclass.png>
Package pdftex.def Info: ../results/reports_and_plots/roc_curves_multiclass.png
  used on input line 42.
(pdftex.def)             Requested size: 385.02577pt x 308.02011pt.
File: logos/LOGO_UNAP.png Graphic file (type png)
<use logos/LOGO_UNAP.png>
Package pdftex.def Info: logos/LOGO_UNAP.png  used on input line 46.
(pdftex.def)             Requested size: 15.6491pt x 16.0838pt.
File: logos/logo_sistemas.png Graphic file (type png)
<use logos/logo_sistemas.png>
Package pdftex.def Info: logos/logo_sistemas.png  used on input line 46.
(pdftex.def)             Requested size: 15.6491pt x 15.64526pt.
 [29 <../results/reports_and_plots/training_history_loss_f1.png> <../results/re
ports_and_plots/confusion_matrices_combined.png>]
<../results/reports_and_plots/precision_recall_curves.png, id=683, 722.7pt x 57
8.16pt>
File: ../results/reports_and_plots/precision_recall_curves.png Graphic file (ty
pe png)
<use ../results/reports_and_plots/precision_recall_curves.png>
Package pdftex.def Info: ../results/reports_and_plots/precision_recall_curves.p
ng  used on input line 49.
(pdftex.def)             Requested size: 385.02577pt x 308.02011pt.

Overfull \hbox (160.71689pt too wide) in paragraph at lines 62--76
 [][] 
 []

File: logos/LOGO_UNAP.png Graphic file (type png)
<use logos/LOGO_UNAP.png>
Package pdftex.def Info: logos/LOGO_UNAP.png  used on input line 76.
(pdftex.def)             Requested size: 15.6491pt x 16.0838pt.
File: logos/logo_sistemas.png Graphic file (type png)
<use logos/logo_sistemas.png>
Package pdftex.def Info: logos/logo_sistemas.png  used on input line 76.
(pdftex.def)             Requested size: 15.6491pt x 15.64526pt.
[30 <../results/reports_and_plots/roc_curves_multiclass.png> <../results/report
s_and_plots/precision_recall_curves.png>]
<../results/reports_and_plots/benchmark_latency_tradeoff.png, id=693, 722.7pt x
 433.62pt>
File: ../results/reports_and_plots/benchmark_latency_tradeoff.png Graphic file 
(type png)
<use ../results/reports_and_plots/benchmark_latency_tradeoff.png>
Package pdftex.def Info: ../results/reports_and_plots/benchmark_latency_tradeof
f.png  used on input line 82.
(pdftex.def)             Requested size: 407.66867pt x 244.59877pt.
<../results/reports_and_plots/shap_summary_plot.png, id=695, 867.24pt x 578.16p
t>
File: ../results/reports_and_plots/shap_summary_plot.png Graphic file (type png
)
<use ../results/reports_and_plots/shap_summary_plot.png>
Package pdftex.def Info: ../results/reports_and_plots/shap_summary_plot.png  us
ed on input line 92.
(pdftex.def)             Requested size: 398.61427pt x 265.7451pt.
)
File: logos/LOGO_UNAP.png Graphic file (type png)
<use logos/LOGO_UNAP.png>
Package pdftex.def Info: logos/LOGO_UNAP.png  used on input line 271.
(pdftex.def)             Requested size: 15.6491pt x 16.0838pt.
File: logos/logo_sistemas.png Graphic file (type png)
<use logos/logo_sistemas.png>
Package pdftex.def Info: logos/logo_sistemas.png  used on input line 271.
(pdftex.def)             Requested size: 15.6491pt x 15.64526pt.
 [31 <../results/reports_and_plots/benchmark_latency_tradeoff.png>]
File: logos/LOGO_UNAP.png Graphic file (type png)
<use logos/LOGO_UNAP.png>
Package pdftex.def Info: logos/LOGO_UNAP.png  used on input line 271.
(pdftex.def)             Requested size: 15.6491pt x 16.0838pt.
File: logos/logo_sistemas.png Graphic file (type png)
<use logos/logo_sistemas.png>
Package pdftex.def Info: logos/logo_sistemas.png  used on input line 271.
(pdftex.def)             Requested size: 15.6491pt x 15.64526pt.
 [32 <../results/reports_and_plots/shap_summary_plot.png>] (secciones/conclusio
nes.tex)
File: logos/LOGO_UNAP.png Graphic file (type png)
<use logos/LOGO_UNAP.png>
Package pdftex.def Info: logos/LOGO_UNAP.png  used on input line 273.
(pdftex.def)             Requested size: 15.6491pt x 16.0838pt.
File: logos/logo_sistemas.png Graphic file (type png)
<use logos/logo_sistemas.png>
Package pdftex.def Info: logos/logo_sistemas.png  used on input line 273.
(pdftex.def)             Requested size: 15.6491pt x 15.64526pt.
 [33] (secciones/anexos.tex
Overfull \hbox (20.28279pt too wide) in paragraph at lines 13--14
\T1/cmr/m/n/12 can en la ru-ta lo-cal \T1/cmtt/m/n/12 E:\PROYECTO DE INVESTIGAC
ION\dataset\MERGED_CSV\MERGED_CSV\T1/cmr/m/n/12 . 
 []


(C:\Users\IGNACIO\AppData\Local\Programs\MiKTeX\tex/latex/listings\lstlang1.sty
File: lstlang1.sty 2025/11/14 1.11b listings language file
)
(C:\Users\IGNACIO\AppData\Local\Programs\MiKTeX\tex/latex/listings\lstlang1.sty
File: lstlang1.sty 2025/11/14 1.11b listings language file
)
Overfull \hbox (73.20282pt too wide) in paragraph at lines 18--19
\T1/cmr/m/n/12 ($\OT1/cmr/m/n/12 27\OML/cmm/m/it/12 ; \OT1/cmr/m/n/12 949$ \T1/
cmr/m/n/12 fi-las), así co-mo los ob-je-tos de es-ca-la-do \T1/cmtt/m/n/12 scal
er.joblib \T1/cmr/m/n/12 y co-di-fi-ca-ción \T1/cmtt/m/n/12 label_encoder.jobli
b
 []

File: logos/LOGO_UNAP.png Graphic file (type png)
<use logos/LOGO_UNAP.png>
Package pdftex.def Info: logos/LOGO_UNAP.png  used on input line 28.
(pdftex.def)             Requested size: 15.6491pt x 16.0838pt.
File: logos/logo_sistemas.png Graphic file (type png)
<use logos/logo_sistemas.png>
Package pdftex.def Info: logos/logo_sistemas.png  used on input line 28.
(pdftex.def)             Requested size: 15.6491pt x 15.64526pt.
[34]
Overfull \hbox (9.98079pt too wide) in paragraph at lines 31--32
[]\T1/cmr/bx/n/12 Verificación de Ar-te-fac-tos de Sa-li-da\T1/cmr/m/n/12 : Pro
-du-ce el mo-de-lo Py-Torch \T1/cmtt/m/n/12 vae_mlp_best.pt\T1/cmr/m/n/12 ,
 []


Overfull \hbox (26.21759pt too wide) in paragraph at lines 50--51
\T1/cmr/m/n/12 la-res de re-su-men se guar-dan au-to-má-ti-ca-men-te en la car-
pe-ta \T1/cmtt/m/n/12 results/reports_and_plots/\T1/cmr/m/n/12 . 
 []

File: logos/LOGO_UNAP.png Graphic file (type png)
<use logos/LOGO_UNAP.png>
Package pdftex.def Info: logos/LOGO_UNAP.png  used on input line 72.
(pdftex.def)             Requested size: 15.6491pt x 16.0838pt.
File: logos/logo_sistemas.png Graphic file (type png)
<use logos/logo_sistemas.png>
Package pdftex.def Info: logos/logo_sistemas.png  used on input line 72.
(pdftex.def)             Requested size: 15.6491pt x 15.64526pt.
[35])
File: logos/LOGO_UNAP.png Graphic file (type png)
<use logos/LOGO_UNAP.png>
Package pdftex.def Info: logos/LOGO_UNAP.png  used on input line 276.
(pdftex.def)             Requested size: 15.6491pt x 16.0838pt.
File: logos/logo_sistemas.png Graphic file (type png)
<use logos/logo_sistemas.png>
Package pdftex.def Info: logos/logo_sistemas.png  used on input line 276.
(pdftex.def)             Requested size: 15.6491pt x 15.64526pt.
 [36]
File: logos/LOGO_UNAP.png Graphic file (type png)
<use logos/LOGO_UNAP.png>
Package pdftex.def Info: logos/LOGO_UNAP.png  used on input line 279.
(pdftex.def)             Requested size: 15.6491pt x 16.0838pt.
File: logos/logo_sistemas.png Graphic file (type png)
<use logos/logo_sistemas.png>
Package pdftex.def Info: logos/logo_sistemas.png  used on input line 279.
(pdftex.def)             Requested size: 15.6491pt x 15.64526pt.
 [37] (INVESTIGACION_DOC.aux
LaTeX Info: Redefining \sptext on input line 9.
LaTeX Info: Redefining \. on input line 9.
LaTeX Info: Redefining \% on input line 9.
)
 ***********
LaTeX2e <2025-11-01>
L3 programming layer <2026-04-28>
 ***********
Package rerunfilecheck Info: File `INVESTIGACION_DOC.out' has not changed.
(rerunfilecheck)             Checksum: 1139EE87DE6FC454BD22B66CF5C08A4F;26670.
Package logreq Info: Writing requests to 'INVESTIGACION_DOC.run.xml'.
\openout1 = `INVESTIGACION_DOC.run.xml'.

 ) 
Here is how much of TeX's memory you used:
 39311 strings out of 467683
 753738 string characters out of 5413754
 1741198 words of memory out of 5000000
 67532 multiletter control sequences out of 15000+600000
 650550 words of font info for 97 fonts, out of 8000000 for 9000
 1141 hyphenation exceptions out of 8191
 84i,20n,94p,1212b,4982s stack positions out of 10000i,1000n,20000p,200000b,200000s
 <C:\Users\IGNACIO\AppData\Local\MiKTeX\fonts/pk/ljfour/jknappen/ec/dpi600\ec
tt0800.pk> <C:\Users\IGNACIO\AppData\Local\MiKTeX\fonts/pk/ljfour/jknappen/ec/d
pi600\ecrm0600.pk> <C:\Users\IGNACIO\AppData\Local\MiKTeX\fonts/pk/ljfour/jknap
pen/ec/dpi600\ecbi1200.pk> <C:\Users\IGNACIO\AppData\Local\MiKTeX\fonts/pk/ljfo
ur/jknappen/ec/dpi600\ectt1095.pk> <C:\Users\IGNACIO\AppData\Local\MiKTeX\fonts
/pk/ljfour/jknappen/ec/dpi600\tcrm1095.pk> <C:\Users\IGNACIO\AppData\Local\MiKT
eX\fonts/pk/ljfour/jknappen/ec/dpi600\ecbx0800.pk> <C:\Users\IGNACIO\AppData\Lo
cal\MiKTeX\fonts/pk/ljfour/jknappen/ec/dpi600\ecrm0800.pk> <C:\Users\IGNACIO\Ap
pData\Local\MiKTeX\fonts/pk/ljfour/jknappen/ec/dpi600\ectt1200.pk> <C:\Users\IG
NACIO\AppData\Local\MiKTeX\fonts/pk/ljfour/jknappen/ec/dpi600\ecti1200.pk> <C:\
Users\IGNACIO\AppData\Local\MiKTeX\fonts/pk/ljfour/jknappen/ec/dpi600\ecbx1200.
pk> <C:\Users\IGNACIO\AppData\Local\MiKTeX\fonts/pk/ljfour/jknappen/ec/dpi600\e
crm1095.pk> <C:\Users\IGNACIO\AppData\Local\MiKTeX\fonts/pk/ljfour/jknappen/ec/
dpi600\ecrm1200.pk> <C:\Users\IGNACIO\AppData\Local\MiKTeX\fonts/pk/ljfour/jkna
ppen/ec/dpi600\ecbx1728.pk> <C:\Users\IGNACIO\AppData\Local\MiKTeX\fonts/pk/ljf
our/jknappen/ec/dpi600\ecti1095.pk> <C:\Users\IGNACIO\AppData\Local\MiKTeX\font
s/pk/ljfour/jknappen/ec/dpi600\ecbx1095.pk> <C:\Users\IGNACIO\AppData\Local\MiK
TeX\fonts/pk/ljfour/jknappen/ec/dpi600\ecbx1440.pk><C:/Users/IGNACIO/AppData/Lo
cal/Programs/MiKTeX/fonts/type1/public/amsfonts/cm/cmbx10.pfb><C:/Users/IGNACIO
/AppData/Local/Programs/MiKTeX/fonts/type1/public/amsfonts/cm/cmbx12.pfb><C:/Us
ers/IGNACIO/AppData/Local/Programs/MiKTeX/fonts/type1/public/amsfonts/cm/cmbx8.
pfb><C:/Users/IGNACIO/AppData/Local/Programs/MiKTeX/fonts/type1/public/amsfonts
/cm/cmex10.pfb><C:/Users/IGNACIO/AppData/Local/Programs/MiKTeX/fonts/type1/publ
ic/amsfonts/cm/cmmi10.pfb><C:/Users/IGNACIO/AppData/Local/Programs/MiKTeX/fonts
/type1/public/amsfonts/cm/cmmi12.pfb><C:/Users/IGNACIO/AppData/Local/Programs/M
iKTeX/fonts/type1/public/amsfonts/cm/cmmi6.pfb><C:/Users/IGNACIO/AppData/Local/
Programs/MiKTeX/fonts/type1/public/amsfonts/cm/cmmi8.pfb><C:/Users/IGNACIO/AppD
ata/Local/Programs/MiKTeX/fonts/type1/public/amsfonts/cm/cmmib10.pfb><C:/Users/
IGNACIO/AppData/Local/Programs/MiKTeX/fonts/type1/public/amsfonts/cm/cmr10.pfb>
<C:/Users/IGNACIO/AppData/Local/Programs/MiKTeX/fonts/type1/public/amsfonts/cm/
cmr12.pfb><C:/Users/IGNACIO/AppData/Local/Programs/MiKTeX/fonts/type1/public/am
sfonts/cm/cmr8.pfb><C:/Users/IGNACIO/AppData/Local/Programs/MiKTeX/fonts/type1/
public/amsfonts/cm/cmsy10.pfb><C:/Users/IGNACIO/AppData/Local/Programs/MiKTeX/f
onts/type1/public/amsfonts/cm/cmsy8.pfb><C:/Users/IGNACIO/AppData/Local/Program
s/MiKTeX/fonts/type1/public/amsfonts/symbols/msbm10.pfb>
Output written on INVESTIGACION_DOC.pdf (38 pages, 10978748 bytes).
PDF statistics:
 1667 PDF objects out of 1728 (max. 8388607)
 202 named destinations out of 1000 (max. 500000)
 764 words of extra memory for PDF output out of 10000 (max. 10000000)

